C:\Desarrollo\Desarrollo\FullStack\EGestion360\.artifacts\deploy-conteo-20260724\Back\appsettings.Development.json
C:\Desarrollo\Desarrollo\FullStack\EGestion360\.artifacts\deploy-conteo-20260724\Back\appsettings.json
C:\Desarrollo\Desarrollo\FullStack\EGestion360\.artifacts\deploy-conteo-20260724\Back\appsettings.Production.json
C:\Desarrollo\Desarrollo\FullStack\EGestion360\.artifacts\deploy-conteo-20260724\Back\Azure.Core.dll
C:\Desarrollo\Desarrollo\FullStack\EGestion360\.artifacts\deploy-conteo-20260724\Back\Azure.Monitor.OpenTelemetry.Exporter.dll
C:\Desarrollo\Desarrollo\FullStack\EGestion360\.artifacts\deploy-conteo-20260724\Back\Dapper.dll
C:\Desarrollo\Desarrollo\FullStack\EGestion360\.artifacts\deploy-conteo-20260724\Back\DevExpress.AspNetCore.Common.v24.1.dll
C:\Desarrollo\Desarrollo\FullStack\EGestion360\.artifacts\deploy-conteo-20260724\Back\DevExpress.AspNetCore.Core.v24.1.dll
C:\Desarrollo\Desarrollo\FullStack\EGestion360\.artifacts\deploy-conteo-20260724\Back\DevExpress.AspNetCore.Reporting.v24.1.dll
C:\Desarrollo\Desarrollo\FullStack\EGestion360\.artifacts\deploy-conteo-20260724\Back\DevExpress.Charts.v24.1.Core.dll
C:\Desarrollo\Desarrollo\FullStack\EGestion360\.artifacts\deploy-conteo-20260724\Back\DevExpress.CodeParser.v24.1.dll
C:\Desarrollo\Desarrollo\FullStack\EGestion360\.artifacts\deploy-conteo-20260724\Back\DevExpress.Data.v24.1.dll
C:\Desarrollo\Desarrollo\FullStack\EGestion360\.artifacts\deploy-conteo-20260724\Back\DevExpress.DataAccess.v24.1.dll
C:\Desarrollo\Desarrollo\FullStack\EGestion360\.artifacts\deploy-conteo-20260724\Back\DevExpress.DataVisualization.v24.1.Core.dll
C:\Desarrollo\Desarrollo\FullStack\EGestion360\.artifacts\deploy-conteo-20260724\Back\DevExpress.Drawing.v24.1.dll
C:\Desarrollo\Desarrollo\FullStack\EGestion360\.artifacts\deploy-conteo-20260724\Back\DevExpress.Office.v24.1.Core.dll
C:\Desarrollo\Desarrollo\FullStack\EGestion360\.artifacts\deploy-conteo-20260724\Back\DevExpress.Pdf.v24.1.Core.dll
C:\Desarrollo\Desarrollo\FullStack\EGestion360\.artifacts\deploy-conteo-20260724\Back\DevExpress.Pdf.v24.1.Drawing.dll
C:\Desarrollo\Desarrollo\FullStack\EGestion360\.artifacts\deploy-conteo-20260724\Back\DevExpress.PivotGrid.v24.1.Core.dll
C:\Desarrollo\Desarrollo\FullStack\EGestion360\.artifacts\deploy-conteo-20260724\Back\DevExpress.Printing.v24.1.Core.dll
C:\Desarrollo\Desarrollo\FullStack\EGestion360\.artifacts\deploy-conteo-20260724\Back\DevExpress.RichEdit.v24.1.Core.dll
C:\Desarrollo\Desarrollo\FullStack\EGestion360\.artifacts\deploy-conteo-20260724\Back\DevExpress.RichEdit.v24.1.Export.dll
C:\Desarrollo\Desarrollo\FullStack\EGestion360\.artifacts\deploy-conteo-20260724\Back\DevExpress.Sparkline.v24.1.Core.dll
C:\Desarrollo\Desarrollo\FullStack\EGestion360\.artifacts\deploy-conteo-20260724\Back\DevExpress.Web.Reporting.v24.1.Common.Services.dll
C:\Desarrollo\Desarrollo\FullStack\EGestion360\.artifacts\deploy-conteo-20260724\Back\DevExpress.Web.Resources.v24.1.dll
C:\Desarrollo\Desarrollo\FullStack\EGestion360\.artifacts\deploy-conteo-20260724\Back\DevExpress.Xpo.v24.1.dll
C:\Desarrollo\Desarrollo\FullStack\EGestion360\.artifacts\deploy-conteo-20260724\Back\DevExpress.XtraCharts.v24.1.dll
C:\Desarrollo\Desarrollo\FullStack\EGestion360\.artifacts\deploy-conteo-20260724\Back\DevExpress.XtraGauges.v24.1.Core.dll
C:\Desarrollo\Desarrollo\FullStack\EGestion360\.artifacts\deploy-conteo-20260724\Back\DevExpress.XtraReports.v24.1.dll
C:\Desarrollo\Desarrollo\FullStack\EGestion360\.artifacts\deploy-conteo-20260724\Back\DevExpress.XtraReports.v24.1.Web.dll
C:\Desarrollo\Desarrollo\FullStack\EGestion360\.artifacts\deploy-conteo-20260724\Back\dotnet-tools.json
C:\Desarrollo\Desarrollo\FullStack\EGestion360\.artifacts\deploy-conteo-20260724\Back\EG.ApiCoreBS.deps.json
C:\Desarrollo\Desarrollo\FullStack\EGestion360\.artifacts\deploy-conteo-20260724\Back\EG.ApiCoreBS.dll
C:\Desarrollo\Desarrollo\FullStack\EGestion360\.artifacts\deploy-conteo-20260724\Back\EG.ApiCoreBS.pdb
C:\Desarrollo\Desarrollo\FullStack\EGestion360\.artifacts\deploy-conteo-20260724\Back\EG.ApiCoreBS.runtimeconfig.json
C:\Desarrollo\Desarrollo\FullStack\EGestion360\.artifacts\deploy-conteo-20260724\Back\EG.ApiCoreBS.staticwebassets.endpoints.json
C:\Desarrollo\Desarrollo\FullStack\EGestion360\.artifacts\deploy-conteo-20260724\Back\EG.Application.dll
C:\Desarrollo\Desarrollo\FullStack\EGestion360\.artifacts\deploy-conteo-20260724\Back\EG.Application.pdb
C:\Desarrollo\Desarrollo\FullStack\EGestion360\.artifacts\deploy-conteo-20260724\Back\EG.Business.dll
C:\Desarrollo\Desarrollo\FullStack\EGestion360\.artifacts\deploy-conteo-20260724\Back\EG.Business.pdb
C:\Desarrollo\Desarrollo\FullStack\EGestion360\.artifacts\deploy-conteo-20260724\Back\EG.Common.dll
C:\Desarrollo\Desarrollo\FullStack\EGestion360\.artifacts\deploy-conteo-20260724\Back\EG.Common.pdb
C:\Desarrollo\Desarrollo\FullStack\EGestion360\.artifacts\deploy-conteo-20260724\Back\EG.Domain.dll
C:\Desarrollo\Desarrollo\FullStack\EGestion360\.artifacts\deploy-conteo-20260724\Back\EG.Domain.pdb
C:\Desarrollo\Desarrollo\FullStack\EGestion360\.artifacts\deploy-conteo-20260724\Back\EG.Infraestructure.dll
C:\Desarrollo\Desarrollo\FullStack\EGestion360\.artifacts\deploy-conteo-20260724\Back\EG.Infraestructure.pdb
C:\Desarrollo\Desarrollo\FullStack\EGestion360\.artifacts\deploy-conteo-20260724\Back\EG.Logger.dll
C:\Desarrollo\Desarrollo\FullStack\EGestion360\.artifacts\deploy-conteo-20260724\Back\EG.Logger.pdb
C:\Desarrollo\Desarrollo\FullStack\EGestion360\.artifacts\deploy-conteo-20260724\Back\FluentValidation.DependencyInjectionExtensions.dll
C:\Desarrollo\Desarrollo\FullStack\EGestion360\.artifacts\deploy-conteo-20260724\Back\FluentValidation.dll
C:\Desarrollo\Desarrollo\FullStack\EGestion360\.artifacts\deploy-conteo-20260724\Back\log4net.config
C:\Desarrollo\Desarrollo\FullStack\EGestion360\.artifacts\deploy-conteo-20260724\Back\log4net.dll
C:\Desarrollo\Desarrollo\FullStack\EGestion360\.artifacts\deploy-conteo-20260724\Back\Log4NetCore.SqlServer.dll
C:\Desarrollo\Desarrollo\FullStack\EGestion360\.artifacts\deploy-conteo-20260724\Back\Mapster.Core.dll
C:\Desarrollo\Desarrollo\FullStack\EGestion360\.artifacts\deploy-conteo-20260724\Back\Mapster.dll
C:\Desarrollo\Desarrollo\FullStack\EGestion360\.artifacts\deploy-conteo-20260724\Back\Microsoft.ApplicationInsights.AspNetCore.dll
C:\Desarrollo\Desarrollo\FullStack\EGestion360\.artifacts\deploy-conteo-20260724\Back\Microsoft.ApplicationInsights.dll
C:\Desarrollo\Desarrollo\FullStack\EGestion360\.artifacts\deploy-conteo-20260724\Back\Microsoft.AspNetCore.Authentication.JwtBearer.dll
C:\Desarrollo\Desarrollo\FullStack\EGestion360\.artifacts\deploy-conteo-20260724\Back\Microsoft.AspNetCore.OpenApi.dll
C:\Desarrollo\Desarrollo\FullStack\EGestion360\.artifacts\deploy-conteo-20260724\Back\Microsoft.Bcl.AsyncInterfaces.dll
C:\Desarrollo\Desarrollo\FullStack\EGestion360\.artifacts\deploy-conteo-20260724\Back\Microsoft.Bcl.Cryptography.dll
C:\Desarrollo\Desarrollo\FullStack\EGestion360\.artifacts\deploy-conteo-20260724\Back\Microsoft.Data.SqlClient.dll
C:\Desarrollo\Desarrollo\FullStack\EGestion360\.artifacts\deploy-conteo-20260724\Back\Microsoft.Data.SqlClient.Extensions.Abstractions.dll
C:\Desarrollo\Desarrollo\FullStack\EGestion360\.artifacts\deploy-conteo-20260724\Back\Microsoft.Data.SqlClient.Internal.Logging.dll
C:\Desarrollo\Desarrollo\FullStack\EGestion360\.artifacts\deploy-conteo-20260724\Back\Microsoft.EntityFrameworkCore.Abstractions.dll
C:\Desarrollo\Desarrollo\FullStack\EGestion360\.artifacts\deploy-conteo-20260724\Back\Microsoft.EntityFrameworkCore.dll
C:\Desarrollo\Desarrollo\FullStack\EGestion360\.artifacts\deploy-conteo-20260724\Back\Microsoft.EntityFrameworkCore.Relational.dll
C:\Desarrollo\Desarrollo\FullStack\EGestion360\.artifacts\deploy-conteo-20260724\Back\Microsoft.EntityFrameworkCore.SqlServer.dll
C:\Desarrollo\Desarrollo\FullStack\EGestion360\.artifacts\deploy-conteo-20260724\Back\Microsoft.Extensions.DependencyModel.dll
C:\Desarrollo\Desarrollo\FullStack\EGestion360\.artifacts\deploy-conteo-20260724\Back\Microsoft.Extensions.Logging.Log4Net.AspNetCore.dll
C:\Desarrollo\Desarrollo\FullStack\EGestion360\.artifacts\deploy-conteo-20260724\Back\Microsoft.Identity.Client.dll
C:\Desarrollo\Desarrollo\FullStack\EGestion360\.artifacts\deploy-conteo-20260724\Back\Microsoft.Identity.Client.Extensions.Msal.dll
C:\Desarrollo\Desarrollo\FullStack\EGestion360\.artifacts\deploy-conteo-20260724\Back\Microsoft.IdentityModel.Abstractions.dll
C:\Desarrollo\Desarrollo\FullStack\EGestion360\.artifacts\deploy-conteo-20260724\Back\Microsoft.IdentityModel.JsonWebTokens.dll
C:\Desarrollo\Desarrollo\FullStack\EGestion360\.artifacts\deploy-conteo-20260724\Back\Microsoft.IdentityModel.Logging.dll
C:\Desarrollo\Desarrollo\FullStack\EGestion360\.artifacts\deploy-conteo-20260724\Back\Microsoft.IdentityModel.Protocols.dll
C:\Desarrollo\Desarrollo\FullStack\EGestion360\.artifacts\deploy-conteo-20260724\Back\Microsoft.IdentityModel.Protocols.OpenIdConnect.dll
C:\Desarrollo\Desarrollo\FullStack\EGestion360\.artifacts\deploy-conteo-20260724\Back\Microsoft.IdentityModel.Tokens.dll
C:\Desarrollo\Desarrollo\FullStack\EGestion360\.artifacts\deploy-conteo-20260724\Back\Microsoft.OpenApi.dll
C:\Desarrollo\Desarrollo\FullStack\EGestion360\.artifacts\deploy-conteo-20260724\Back\Microsoft.SqlServer.Server.dll
C:\Desarrollo\Desarrollo\FullStack\EGestion360\.artifacts\deploy-conteo-20260724\Back\Microsoft.Win32.SystemEvents.dll
C:\Desarrollo\Desarrollo\FullStack\EGestion360\.artifacts\deploy-conteo-20260724\Back\Newtonsoft.Json.dll
C:\Desarrollo\Desarrollo\FullStack\EGestion360\.artifacts\deploy-conteo-20260724\Back\OpenTelemetry.Api.dll
C:\Desarrollo\Desarrollo\FullStack\EGestion360\.artifacts\deploy-conteo-20260724\Back\OpenTelemetry.Api.ProviderBuilderExtensions.dll
C:\Desarrollo\Desarrollo\FullStack\EGestion360\.artifacts\deploy-conteo-20260724\Back\OpenTelemetry.dll
C:\Desarrollo\Desarrollo\FullStack\EGestion360\.artifacts\deploy-conteo-20260724\Back\OpenTelemetry.Extensions.Hosting.dll
C:\Desarrollo\Desarrollo\FullStack\EGestion360\.artifacts\deploy-conteo-20260724\Back\OpenTelemetry.Instrumentation.AspNetCore.dll
C:\Desarrollo\Desarrollo\FullStack\EGestion360\.artifacts\deploy-conteo-20260724\Back\OpenTelemetry.Instrumentation.Http.dll
C:\Desarrollo\Desarrollo\FullStack\EGestion360\.artifacts\deploy-conteo-20260724\Back\OpenTelemetry.Instrumentation.SqlClient.dll
C:\Desarrollo\Desarrollo\FullStack\EGestion360\.artifacts\deploy-conteo-20260724\Back\OpenTelemetry.PersistentStorage.Abstractions.dll
C:\Desarrollo\Desarrollo\FullStack\EGestion360\.artifacts\deploy-conteo-20260724\Back\OpenTelemetry.PersistentStorage.FileSystem.dll
C:\Desarrollo\Desarrollo\FullStack\EGestion360\.artifacts\deploy-conteo-20260724\Back\Swashbuckle.AspNetCore.Swagger.dll
C:\Desarrollo\Desarrollo\FullStack\EGestion360\.artifacts\deploy-conteo-20260724\Back\Swashbuckle.AspNetCore.SwaggerGen.dll
C:\Desarrollo\Desarrollo\FullStack\EGestion360\.artifacts\deploy-conteo-20260724\Back\Swashbuckle.AspNetCore.SwaggerUI.dll
C:\Desarrollo\Desarrollo\FullStack\EGestion360\.artifacts\deploy-conteo-20260724\Back\System.ClientModel.dll
C:\Desarrollo\Desarrollo\FullStack\EGestion360\.artifacts\deploy-conteo-20260724\Back\System.CodeDom.dll
C:\Desarrollo\Desarrollo\FullStack\EGestion360\.artifacts\deploy-conteo-20260724\Back\System.Configuration.ConfigurationManager.dll
C:\Desarrollo\Desarrollo\FullStack\EGestion360\.artifacts\deploy-conteo-20260724\Back\System.Data.SqlClient.dll
C:\Desarrollo\Desarrollo\FullStack\EGestion360\.artifacts\deploy-conteo-20260724\Back\System.Drawing.Common.dll
C:\Desarrollo\Desarrollo\FullStack\EGestion360\.artifacts\deploy-conteo-20260724\Back\System.IdentityModel.Tokens.Jwt.dll
C:\Desarrollo\Desarrollo\FullStack\EGestion360\.artifacts\deploy-conteo-20260724\Back\System.Memory.Data.dll
C:\Desarrollo\Desarrollo\FullStack\EGestion360\.artifacts\deploy-conteo-20260724\Back\System.Security.Cryptography.ProtectedData.dll
C:\Desarrollo\Desarrollo\FullStack\EGestion360\.artifacts\deploy-conteo-20260724\Back\System.ServiceModel.Http.dll
C:\Desarrollo\Desarrollo\FullStack\EGestion360\.artifacts\deploy-conteo-20260724\Back\System.ServiceModel.NetFramingBase.dll
C:\Desarrollo\Desarrollo\FullStack\EGestion360\.artifacts\deploy-conteo-20260724\Back\System.ServiceModel.NetTcp.dll
C:\Desarrollo\Desarrollo\FullStack\EGestion360\.artifacts\deploy-conteo-20260724\Back\System.ServiceModel.Primitives.dll
C:\Desarrollo\Desarrollo\FullStack\EGestion360\.artifacts\deploy-conteo-20260724\Back\web.config
C:\Desarrollo\Desarrollo\FullStack\EGestion360\.artifacts\deploy-conteo-20260724\Back\cs\Microsoft.Data.SqlClient.resources.dll
C:\Desarrollo\Desarrollo\FullStack\EGestion360\.artifacts\deploy-conteo-20260724\Back\cs\System.ServiceModel.Http.resources.dll
C:\Desarrollo\Desarrollo\FullStack\EGestion360\.artifacts\deploy-conteo-20260724\Back\cs\System.ServiceModel.NetFramingBase.resources.dll
C:\Desarrollo\Desarrollo\FullStack\EGestion360\.artifacts\deploy-conteo-20260724\Back\cs\System.ServiceModel.NetTcp.resources.dll
C:\Desarrollo\Desarrollo\FullStack\EGestion360\.artifacts\deploy-conteo-20260724\Back\cs\System.ServiceModel.Primitives.resources.dll
C:\Desarrollo\Desarrollo\FullStack\EGestion360\.artifacts\deploy-conteo-20260724\Back\de\Microsoft.Data.SqlClient.resources.dll
C:\Desarrollo\Desarrollo\FullStack\EGestion360\.artifacts\deploy-conteo-20260724\Back\de\System.ServiceModel.Http.resources.dll
C:\Desarrollo\Desarrollo\FullStack\EGestion360\.artifacts\deploy-conteo-20260724\Back\de\System.ServiceModel.NetFramingBase.resources.dll
C:\Desarrollo\Desarrollo\FullStack\EGestion360\.artifacts\deploy-conteo-20260724\Back\de\System.ServiceModel.NetTcp.resources.dll
C:\Desarrollo\Desarrollo\FullStack\EGestion360\.artifacts\deploy-conteo-20260724\Back\de\System.ServiceModel.Primitives.resources.dll
C:\Desarrollo\Desarrollo\FullStack\EGestion360\.artifacts\deploy-conteo-20260724\Back\es\Microsoft.Data.SqlClient.resources.dll
C:\Desarrollo\Desarrollo\FullStack\EGestion360\.artifacts\deploy-conteo-20260724\Back\es\System.ServiceModel.Http.resources.dll
C:\Desarrollo\Desarrollo\FullStack\EGestion360\.artifacts\deploy-conteo-20260724\Back\es\System.ServiceModel.NetFramingBase.resources.dll
C:\Desarrollo\Desarrollo\FullStack\EGestion360\.artifacts\deploy-conteo-20260724\Back\es\System.ServiceModel.NetTcp.resources.dll
C:\Desarrollo\Desarrollo\FullStack\EGestion360\.artifacts\deploy-conteo-20260724\Back\es\System.ServiceModel.Primitives.resources.dll
C:\Desarrollo\Desarrollo\FullStack\EGestion360\.artifacts\deploy-conteo-20260724\Back\fr\Microsoft.Data.SqlClient.resources.dll
C:\Desarrollo\Desarrollo\FullStack\EGestion360\.artifacts\deploy-conteo-20260724\Back\fr\System.ServiceModel.Http.resources.dll
C:\Desarrollo\Desarrollo\FullStack\EGestion360\.artifacts\deploy-conteo-20260724\Back\fr\System.ServiceModel.NetFramingBase.resources.dll
C:\Desarrollo\Desarrollo\FullStack\EGestion360\.artifacts\deploy-conteo-20260724\Back\fr\System.ServiceModel.NetTcp.resources.dll
C:\Desarrollo\Desarrollo\FullStack\EGestion360\.artifacts\deploy-conteo-20260724\Back\fr\System.ServiceModel.Primitives.resources.dll
C:\Desarrollo\Desarrollo\FullStack\EGestion360\.artifacts\deploy-conteo-20260724\Back\it\Microsoft.Data.SqlClient.resources.dll
C:\Desarrollo\Desarrollo\FullStack\EGestion360\.artifacts\deploy-conteo-20260724\Back\it\System.ServiceModel.Http.resources.dll
C:\Desarrollo\Desarrollo\FullStack\EGestion360\.artifacts\deploy-conteo-20260724\Back\it\System.ServiceModel.NetFramingBase.resources.dll
C:\Desarrollo\Desarrollo\FullStack\EGestion360\.artifacts\deploy-conteo-20260724\Back\it\System.ServiceModel.NetTcp.resources.dll
C:\Desarrollo\Desarrollo\FullStack\EGestion360\.artifacts\deploy-conteo-20260724\Back\it\System.ServiceModel.Primitives.resources.dll
C:\Desarrollo\Desarrollo\FullStack\EGestion360\.artifacts\deploy-conteo-20260724\Back\ja\Microsoft.Data.SqlClient.resources.dll
C:\Desarrollo\Desarrollo\FullStack\EGestion360\.artifacts\deploy-conteo-20260724\Back\ja\System.ServiceModel.Http.resources.dll
C:\Desarrollo\Desarrollo\FullStack\EGestion360\.artifacts\deploy-conteo-20260724\Back\ja\System.ServiceModel.NetFramingBase.resources.dll
C:\Desarrollo\Desarrollo\FullStack\EGestion360\.artifacts\deploy-conteo-20260724\Back\ja\System.ServiceModel.NetTcp.resources.dll
C:\Desarrollo\Desarrollo\FullStack\EGestion360\.artifacts\deploy-conteo-20260724\Back\ja\System.ServiceModel.Primitives.resources.dll
C:\Desarrollo\Desarrollo\FullStack\EGestion360\.artifacts\deploy-conteo-20260724\Back\ko\Microsoft.Data.SqlClient.resources.dll
C:\Desarrollo\Desarrollo\FullStack\EGestion360\.artifacts\deploy-conteo-20260724\Back\ko\System.ServiceModel.Http.resources.dll
C:\Desarrollo\Desarrollo\FullStack\EGestion360\.artifacts\deploy-conteo-20260724\Back\ko\System.ServiceModel.NetFramingBase.resources.dll
C:\Desarrollo\Desarrollo\FullStack\EGestion360\.artifacts\deploy-conteo-20260724\Back\ko\System.ServiceModel.NetTcp.resources.dll
C:\Desarrollo\Desarrollo\FullStack\EGestion360\.artifacts\deploy-conteo-20260724\Back\ko\System.ServiceModel.Primitives.resources.dll
C:\Desarrollo\Desarrollo\FullStack\EGestion360\.artifacts\deploy-conteo-20260724\Back\pl\Microsoft.Data.SqlClient.resources.dll
C:\Desarrollo\Desarrollo\FullStack\EGestion360\.artifacts\deploy-conteo-20260724\Back\pl\System.ServiceModel.Http.resources.dll
C:\Desarrollo\Desarrollo\FullStack\EGestion360\.artifacts\deploy-conteo-20260724\Back\pl\System.ServiceModel.NetFramingBase.resources.dll
C:\Desarrollo\Desarrollo\FullStack\EGestion360\.artifacts\deploy-conteo-20260724\Back\pl\System.ServiceModel.NetTcp.resources.dll
C:\Desarrollo\Desarrollo\FullStack\EGestion360\.artifacts\deploy-conteo-20260724\Back\pl\System.ServiceModel.Primitives.resources.dll
C:\Desarrollo\Desarrollo\FullStack\EGestion360\.artifacts\deploy-conteo-20260724\Back\pt-BR\Microsoft.Data.SqlClient.resources.dll
C:\Desarrollo\Desarrollo\FullStack\EGestion360\.artifacts\deploy-conteo-20260724\Back\pt-BR\System.ServiceModel.Http.resources.dll
C:\Desarrollo\Desarrollo\FullStack\EGestion360\.artifacts\deploy-conteo-20260724\Back\pt-BR\System.ServiceModel.NetFramingBase.resources.dll
C:\Desarrollo\Desarrollo\FullStack\EGestion360\.artifacts\deploy-conteo-20260724\Back\pt-BR\System.ServiceModel.NetTcp.resources.dll
C:\Desarrollo\Desarrollo\FullStack\EGestion360\.artifacts\deploy-conteo-20260724\Back\pt-BR\System.ServiceModel.Primitives.resources.dll
C:\Desarrollo\Desarrollo\FullStack\EGestion360\.artifacts\deploy-conteo-20260724\Back\Reporting\ExportedXml\Adquisiciones.Paaas.StoredProcedure.repx
C:\Desarrollo\Desarrollo\FullStack\EGestion360\.artifacts\deploy-conteo-20260724\Back\Reporting\ExportedXml\ALMA_SPR_LibroAlmacenSuministros.repx
C:\Desarrollo\Desarrollo\FullStack\EGestion360\.artifacts\deploy-conteo-20260724\Back\Reporting\ExportedXml\PRES_SPR_PYs.repx
C:\Desarrollo\Desarrollo\FullStack\EGestion360\.artifacts\deploy-conteo-20260724\Back\Reporting\ExportedXml\Report_Activos_Fijos.repx
C:\Desarrollo\Desarrollo\FullStack\EGestion360\.artifacts\deploy-conteo-20260724\Back\Reporting\ExportedXml\Report_CONTA_AuxiliarContable.repx
C:\Desarrollo\Desarrollo\FullStack\EGestion360\.artifacts\deploy-conteo-20260724\Back\Reporting\ExportedXml\Report_CONTA_AuxiliarContableAgrupado.repx
C:\Desarrollo\Desarrollo\FullStack\EGestion360\.artifacts\deploy-conteo-20260724\Back\Reporting\ExportedXml\Report_CONTA_AuxiliarContables.repx
C:\Desarrollo\Desarrollo\FullStack\EGestion360\.artifacts\deploy-conteo-20260724\Back\Reporting\ExportedXml\Report_CONTA_Balanza.repx
C:\Desarrollo\Desarrollo\FullStack\EGestion360\.artifacts\deploy-conteo-20260724\Back\Reporting\ExportedXml\Report_CONTA_SPR_AlmacéndeMateriales.repx
C:\Desarrollo\Desarrollo\FullStack\EGestion360\.artifacts\deploy-conteo-20260724\Back\Reporting\ExportedXml\Report_CONTA_SPR_BalanzaComprobacion.repx
C:\Desarrollo\Desarrollo\FullStack\EGestion360\.artifacts\deploy-conteo-20260724\Back\Reporting\ExportedXml\Report_CONTA_SPR_EstadoAnaliticoDelActivo.repx
C:\Desarrollo\Desarrollo\FullStack\EGestion360\.artifacts\deploy-conteo-20260724\Back\Reporting\ExportedXml\Report_CONTA_SPR_EstadoAnaliticoDeudaPasivos.repx
C:\Desarrollo\Desarrollo\FullStack\EGestion360\.artifacts\deploy-conteo-20260724\Back\Reporting\ExportedXml\Report_CONTA_SPR_EstadoDeSitucionFinanciera.repx
C:\Desarrollo\Desarrollo\FullStack\EGestion360\.artifacts\deploy-conteo-20260724\Back\Reporting\ExportedXml\Report_CONTA_SPR_EstadoFlujosEfectivo2.repx
C:\Desarrollo\Desarrollo\FullStack\EGestion360\.artifacts\deploy-conteo-20260724\Back\Reporting\ExportedXml\Report_CONTA_SPR_EstadoVariacionHaciendaPublica.repx
C:\Desarrollo\Desarrollo\FullStack\EGestion360\.artifacts\deploy-conteo-20260724\Back\Reporting\ExportedXml\Report_CONTA_SPR_InventariosdeBienes.repx
C:\Desarrollo\Desarrollo\FullStack\EGestion360\.artifacts\deploy-conteo-20260724\Back\Reporting\ExportedXml\Report_CONTA_SPR_InventariosdeMaterias.repx
C:\Desarrollo\Desarrollo\FullStack\EGestion360\.artifacts\deploy-conteo-20260724\Back\Reporting\ExportedXml\Report_CONTA_SPR_LibroDiario.repx
C:\Desarrollo\Desarrollo\FullStack\EGestion360\.artifacts\deploy-conteo-20260724\Back\Reporting\ExportedXml\Report_CONTA_SPR_LibroDiario2.repx
C:\Desarrollo\Desarrollo\FullStack\EGestion360\.artifacts\deploy-conteo-20260724\Back\Reporting\ExportedXml\Report_CONTA_SPR_RepAnalisSaldosCuPa.repx
C:\Desarrollo\Desarrollo\FullStack\EGestion360\.artifacts\deploy-conteo-20260724\Back\Reporting\ExportedXml\Report_CONTA_SPR_RepAntigSaldosCuPa.repx
C:\Desarrollo\Desarrollo\FullStack\EGestion360\.artifacts\deploy-conteo-20260724\Back\Reporting\ExportedXml\Report_CONTA_SPR_RepArtFaltporSurtir.repx
C:\Desarrollo\Desarrollo\FullStack\EGestion360\.artifacts\deploy-conteo-20260724\Back\Reporting\ExportedXml\Report_CONTA_SPR_RepBienLentNulMovPer.repx
C:\Desarrollo\Desarrollo\FullStack\EGestion360\.artifacts\deploy-conteo-20260724\Back\Reporting\ExportedXml\Report_CONTA_SPR_RepCheques.repx
C:\Desarrollo\Desarrollo\FullStack\EGestion360\.artifacts\deploy-conteo-20260724\Back\Reporting\ExportedXml\Report_CONTA_SPR_RepDisponCLC.repx
C:\Desarrollo\Desarrollo\FullStack\EGestion360\.artifacts\deploy-conteo-20260724\Back\Reporting\ExportedXml\Report_CONTA_SPR_RepEstatCuentaBancario.repx
C:\Desarrollo\Desarrollo\FullStack\EGestion360\.artifacts\deploy-conteo-20260724\Back\Reporting\ExportedXml\Report_CONTA_SPR_RepEstatCuentaBancarios.repx
C:\Desarrollo\Desarrollo\FullStack\EGestion360\.artifacts\deploy-conteo-20260724\Back\Reporting\ExportedXml\Report_CONTA_SPR_RepEstatCuentaCuPa.repx
C:\Desarrollo\Desarrollo\FullStack\EGestion360\.artifacts\deploy-conteo-20260724\Back\Reporting\ExportedXml\Report_CONTA_SPR_RepInteSaldosCuPa.repx
C:\Desarrollo\Desarrollo\FullStack\EGestion360\.artifacts\deploy-conteo-20260724\Back\Reporting\ExportedXml\Report_CONTA_SPR_RepInversionesGen.repx
C:\Desarrollo\Desarrollo\FullStack\EGestion360\.artifacts\deploy-conteo-20260724\Back\Reporting\ExportedXml\Report_CONTA_SPR_RepKardexGralporPeriod.repx
C:\Desarrollo\Desarrollo\FullStack\EGestion360\.artifacts\deploy-conteo-20260724\Back\Reporting\ExportedXml\Report_CONTA_SPR_RepKardexporArticulo.repx
C:\Desarrollo\Desarrollo\FullStack\EGestion360\.artifacts\deploy-conteo-20260724\Back\Reporting\ExportedXml\Report_CONTA_SPR_RepResultIngresos.repx
C:\Desarrollo\Desarrollo\FullStack\EGestion360\.artifacts\deploy-conteo-20260724\Back\Reporting\ExportedXml\Report_CONTA_SPR_Rep_EstatCuentaCuPas.repx
C:\Desarrollo\Desarrollo\FullStack\EGestion360\.artifacts\deploy-conteo-20260724\Back\Reporting\ExportedXml\Report_Depreciacion_acumulada.repx
C:\Desarrollo\Desarrollo\FullStack\EGestion360\.artifacts\deploy-conteo-20260724\Back\Reporting\ExportedXml\Report_Estado_Analitico_Ingresos.repx
C:\Desarrollo\Desarrollo\FullStack\EGestion360\.artifacts\deploy-conteo-20260724\Back\Reporting\ExportedXml\Report_Facturas_emitidas.repx
C:\Desarrollo\Desarrollo\FullStack\EGestion360\.artifacts\deploy-conteo-20260724\Back\Reporting\ExportedXml\Report_formato_conciliaciones.repx
C:\Desarrollo\Desarrollo\FullStack\EGestion360\.artifacts\deploy-conteo-20260724\Back\Reporting\ExportedXml\Report_ORCO_EstadoActividad.repx
C:\Desarrollo\Desarrollo\FullStack\EGestion360\.artifacts\deploy-conteo-20260724\Back\Reporting\ExportedXml\Report_Pasivos_Contingentes.repx
C:\Desarrollo\Desarrollo\FullStack\EGestion360\.artifacts\deploy-conteo-20260724\Back\Reporting\ExportedXml\Report_Polizas.repx
C:\Desarrollo\Desarrollo\FullStack\EGestion360\.artifacts\deploy-conteo-20260724\Back\Reporting\ExportedXml\Report_Proyecciones_egresos.repx
C:\Desarrollo\Desarrollo\FullStack\EGestion360\.artifacts\deploy-conteo-20260724\Back\Reporting\ExportedXml\Report_RepClasAdministrativa.repx
C:\Desarrollo\Desarrollo\FullStack\EGestion360\.artifacts\deploy-conteo-20260724\Back\Reporting\ExportedXml\Report_RepClasEconomica.repx
C:\Desarrollo\Desarrollo\FullStack\EGestion360\.artifacts\deploy-conteo-20260724\Back\Reporting\ExportedXml\Report_RepClasFuncional.repx
C:\Desarrollo\Desarrollo\FullStack\EGestion360\.artifacts\deploy-conteo-20260724\Back\Reporting\ExportedXml\Report_RepClasObjGasto.repx
C:\Desarrollo\Desarrollo\FullStack\EGestion360\.artifacts\deploy-conteo-20260724\Back\Reporting\ExportedXml\Report_RepEndeudamiento.repx
C:\Desarrollo\Desarrollo\FullStack\EGestion360\.artifacts\deploy-conteo-20260724\Back\Reporting\ExportedXml\Report_RepIndicadoresPF.repx
C:\Desarrollo\Desarrollo\FullStack\EGestion360\.artifacts\deploy-conteo-20260724\Back\Reporting\ExportedXml\Report_RepInformesProg.repx
C:\Desarrollo\Desarrollo\FullStack\EGestion360\.artifacts\deploy-conteo-20260724\Back\Reporting\ExportedXml\Report_RepInteresesDeuda.repx
C:\Desarrollo\Desarrollo\FullStack\EGestion360\.artifacts\deploy-conteo-20260724\Back\Reporting\ExportedXml\Report_RepNotasEdosFin.repx
C:\Desarrollo\Desarrollo\FullStack\EGestion360\.artifacts\deploy-conteo-20260724\Back\Reporting\ExportedXml\Report_RepProyIngresos.repx
C:\Desarrollo\Desarrollo\FullStack\EGestion360\.artifacts\deploy-conteo-20260724\Back\Reporting\ExportedXml\Report_Resultado_Egresos.repx
C:\Desarrollo\Desarrollo\FullStack\EGestion360\.artifacts\deploy-conteo-20260724\Back\Reporting\ExportedXml\Report_Retenciones.repx
C:\Desarrollo\Desarrollo\FullStack\EGestion360\.artifacts\deploy-conteo-20260724\Back\Reporting\ExportedXml\Report_SPR_LibroMayor.repx
C:\Desarrollo\Desarrollo\FullStack\EGestion360\.artifacts\deploy-conteo-20260724\Back\Reporting\ExportedXml\SICOP_SPR_LibroInventarioBienes.repx
C:\Desarrollo\Desarrollo\FullStack\EGestion360\.artifacts\deploy-conteo-20260724\Back\ru\Microsoft.Data.SqlClient.resources.dll
C:\Desarrollo\Desarrollo\FullStack\EGestion360\.artifacts\deploy-conteo-20260724\Back\ru\System.ServiceModel.Http.resources.dll
C:\Desarrollo\Desarrollo\FullStack\EGestion360\.artifacts\deploy-conteo-20260724\Back\ru\System.ServiceModel.NetFramingBase.resources.dll
C:\Desarrollo\Desarrollo\FullStack\EGestion360\.artifacts\deploy-conteo-20260724\Back\ru\System.ServiceModel.NetTcp.resources.dll
C:\Desarrollo\Desarrollo\FullStack\EGestion360\.artifacts\deploy-conteo-20260724\Back\ru\System.ServiceModel.Primitives.resources.dll
C:\Desarrollo\Desarrollo\FullStack\EGestion360\.artifacts\deploy-conteo-20260724\Back\runtimes\unix\lib\net8.0\System.Data.SqlClient.dll
C:\Desarrollo\Desarrollo\FullStack\EGestion360\.artifacts\deploy-conteo-20260724\Back\runtimes\unix\lib\net9.0\Microsoft.Data.SqlClient.dll
C:\Desarrollo\Desarrollo\FullStack\EGestion360\.artifacts\deploy-conteo-20260724\Back\runtimes\unix\lib\netcoreapp3.0\System.Drawing.Common.dll
C:\Desarrollo\Desarrollo\FullStack\EGestion360\.artifacts\deploy-conteo-20260724\Back\runtimes\win\lib\net8.0\System.Data.SqlClient.dll
C:\Desarrollo\Desarrollo\FullStack\EGestion360\.artifacts\deploy-conteo-20260724\Back\runtimes\win\lib\net9.0\Microsoft.Data.SqlClient.dll
C:\Desarrollo\Desarrollo\FullStack\EGestion360\.artifacts\deploy-conteo-20260724\Back\runtimes\win\lib\netcoreapp3.0\Microsoft.Win32.SystemEvents.dll
C:\Desarrollo\Desarrollo\FullStack\EGestion360\.artifacts\deploy-conteo-20260724\Back\runtimes\win\lib\netcoreapp3.0\System.Drawing.Common.dll
C:\Desarrollo\Desarrollo\FullStack\EGestion360\.artifacts\deploy-conteo-20260724\Back\runtimes\win-arm64\native\Microsoft.Data.SqlClient.SNI.dll
C:\Desarrollo\Desarrollo\FullStack\EGestion360\.artifacts\deploy-conteo-20260724\Back\runtimes\win-arm64\native\sni.dll
C:\Desarrollo\Desarrollo\FullStack\EGestion360\.artifacts\deploy-conteo-20260724\Back\runtimes\win-x64\native\Microsoft.Data.SqlClient.SNI.dll
C:\Desarrollo\Desarrollo\FullStack\EGestion360\.artifacts\deploy-conteo-20260724\Back\runtimes\win-x64\native\sni.dll
C:\Desarrollo\Desarrollo\FullStack\EGestion360\.artifacts\deploy-conteo-20260724\Back\runtimes\win-x86\native\Microsoft.Data.SqlClient.SNI.dll
C:\Desarrollo\Desarrollo\FullStack\EGestion360\.artifacts\deploy-conteo-20260724\Back\runtimes\win-x86\native\sni.dll
C:\Desarrollo\Desarrollo\FullStack\EGestion360\.artifacts\deploy-conteo-20260724\Back\tr\Microsoft.Data.SqlClient.resources.dll
C:\Desarrollo\Desarrollo\FullStack\EGestion360\.artifacts\deploy-conteo-20260724\Back\tr\System.ServiceModel.Http.resources.dll
C:\Desarrollo\Desarrollo\FullStack\EGestion360\.artifacts\deploy-conteo-20260724\Back\tr\System.ServiceModel.NetFramingBase.resources.dll
C:\Desarrollo\Desarrollo\FullStack\EGestion360\.artifacts\deploy-conteo-20260724\Back\tr\System.ServiceModel.NetTcp.resources.dll
C:\Desarrollo\Desarrollo\FullStack\EGestion360\.artifacts\deploy-conteo-20260724\Back\tr\System.ServiceModel.Primitives.resources.dll
C:\Desarrollo\Desarrollo\FullStack\EGestion360\.artifacts\deploy-conteo-20260724\Back\zh-Hans\Microsoft.Data.SqlClient.resources.dll
C:\Desarrollo\Desarrollo\FullStack\EGestion360\.artifacts\deploy-conteo-20260724\Back\zh-Hans\System.ServiceModel.Http.resources.dll
C:\Desarrollo\Desarrollo\FullStack\EGestion360\.artifacts\deploy-conteo-20260724\Back\zh-Hans\System.ServiceModel.NetFramingBase.resources.dll
C:\Desarrollo\Desarrollo\FullStack\EGestion360\.artifacts\deploy-conteo-20260724\Back\zh-Hans\System.ServiceModel.NetTcp.resources.dll
C:\Desarrollo\Desarrollo\FullStack\EGestion360\.artifacts\deploy-conteo-20260724\Back\zh-Hans\System.ServiceModel.Primitives.resources.dll
C:\Desarrollo\Desarrollo\FullStack\EGestion360\.artifacts\deploy-conteo-20260724\Back\zh-Hant\Microsoft.Data.SqlClient.resources.dll
C:\Desarrollo\Desarrollo\FullStack\EGestion360\.artifacts\deploy-conteo-20260724\Back\zh-Hant\System.ServiceModel.Http.resources.dll
C:\Desarrollo\Desarrollo\FullStack\EGestion360\.artifacts\deploy-conteo-20260724\Back\zh-Hant\System.ServiceModel.NetFramingBase.resources.dll
C:\Desarrollo\Desarrollo\FullStack\EGestion360\.artifacts\deploy-conteo-20260724\Back\zh-Hant\System.ServiceModel.NetTcp.resources.dll
C:\Desarrollo\Desarrollo\FullStack\EGestion360\.artifacts\deploy-conteo-20260724\Back\zh-Hant\System.ServiceModel.Primitives.resources.dll
