C:\Desarrollo\Desarrollo\FullStack\EGestion360\.artifacts\deploy-conteo-20260724\Front\appsettings.json
C:\Desarrollo\Desarrollo\FullStack\EGestion360\.artifacts\deploy-conteo-20260724\Front\appsettings.Production.json
C:\Desarrollo\Desarrollo\FullStack\EGestion360\.artifacts\deploy-conteo-20260724\Front\dotnet-tools.json
C:\Desarrollo\Desarrollo\FullStack\EGestion360\.artifacts\deploy-conteo-20260724\Front\dotnet.js
C:\Desarrollo\Desarrollo\FullStack\EGestion360\.artifacts\deploy-conteo-20260724\Front\EG.Web.runtimeconfig.json
C:\Desarrollo\Desarrollo\FullStack\EGestion360\.artifacts\deploy-conteo-20260724\Front\EG.Web.staticwebassets.endpoints.json
C:\Desarrollo\Desarrollo\FullStack\EGestion360\.artifacts\deploy-conteo-20260724\Front\web.config
C:\Desarrollo\Desarrollo\FullStack\EGestion360\.artifacts\deploy-conteo-20260724\Front\wwwroot\appsettings.json
C:\Desarrollo\Desarrollo\FullStack\EGestion360\.artifacts\deploy-conteo-20260724\Front\wwwroot\appsettings.json.br
C:\Desarrollo\Desarrollo\FullStack\EGestion360\.artifacts\deploy-conteo-20260724\Front\wwwroot\appsettings.json.gz
C:\Desarrollo\Desarrollo\FullStack\EGestion360\.artifacts\deploy-conteo-20260724\Front\wwwroot\appsettings.Production.json
C:\Desarrollo\Desarrollo\FullStack\EGestion360\.artifacts\deploy-conteo-20260724\Front\wwwroot\appsettings.Production.json.br
C:\Desarrollo\Desarrollo\FullStack\EGestion360\.artifacts\deploy-conteo-20260724\Front\wwwroot\appsettings.Production.json.gz
C:\Desarrollo\Desarrollo\FullStack\EGestion360\.artifacts\deploy-conteo-20260724\Front\wwwroot\EG.Web.styles.css
C:\Desarrollo\Desarrollo\FullStack\EGestion360\.artifacts\deploy-conteo-20260724\Front\wwwroot\EG.Web.styles.css.br
C:\Desarrollo\Desarrollo\FullStack\EGestion360\.artifacts\deploy-conteo-20260724\Front\wwwroot\EG.Web.styles.css.gz
C:\Desarrollo\Desarrollo\FullStack\EGestion360\.artifacts\deploy-conteo-20260724\Front\wwwroot\favicon.png
C:\Desarrollo\Desarrollo\FullStack\EGestion360\.artifacts\deploy-conteo-20260724\Front\wwwroot\icon-192.png
C:\Desarrollo\Desarrollo\FullStack\EGestion360\.artifacts\deploy-conteo-20260724\Front\wwwroot\index.html
C:\Desarrollo\Desarrollo\FullStack\EGestion360\.artifacts\deploy-conteo-20260724\Front\wwwroot\index.html.br
C:\Desarrollo\Desarrollo\FullStack\EGestion360\.artifacts\deploy-conteo-20260724\Front\wwwroot\index.html.gz
C:\Desarrollo\Desarrollo\FullStack\EGestion360\.artifacts\deploy-conteo-20260724\Front\wwwroot\web.config
C:\Desarrollo\Desarrollo\FullStack\EGestion360\.artifacts\deploy-conteo-20260724\Front\wwwroot\css\app.css
C:\Desarrollo\Desarrollo\FullStack\EGestion360\.artifacts\deploy-conteo-20260724\Front\wwwroot\css\app.css.br
C:\Desarrollo\Desarrollo\FullStack\EGestion360\.artifacts\deploy-conteo-20260724\Front\wwwroot\css\app.css.gz
C:\Desarrollo\Desarrollo\FullStack\EGestion360\.artifacts\deploy-conteo-20260724\Front\wwwroot\css\entry-screens.css
C:\Desarrollo\Desarrollo\FullStack\EGestion360\.artifacts\deploy-conteo-20260724\Front\wwwroot\css\entry-screens.css.br
C:\Desarrollo\Desarrollo\FullStack\EGestion360\.artifacts\deploy-conteo-20260724\Front\wwwroot\css\entry-screens.css.gz
C:\Desarrollo\Desarrollo\FullStack\EGestion360\.artifacts\deploy-conteo-20260724\Front\wwwroot\css\menu-overlays.css
C:\Desarrollo\Desarrollo\FullStack\EGestion360\.artifacts\deploy-conteo-20260724\Front\wwwroot\css\menu-overlays.css.br
C:\Desarrollo\Desarrollo\FullStack\EGestion360\.artifacts\deploy-conteo-20260724\Front\wwwroot\css\menu-overlays.css.gz
C:\Desarrollo\Desarrollo\FullStack\EGestion360\.artifacts\deploy-conteo-20260724\Front\wwwroot\img\logo_egestion_empresarial_horizontal.png
C:\Desarrollo\Desarrollo\FullStack\EGestion360\.artifacts\deploy-conteo-20260724\Front\wwwroot\img\logo_ift_horizontal.png
C:\Desarrollo\Desarrollo\FullStack\EGestion360\.artifacts\deploy-conteo-20260724\Front\wwwroot\js\dialogDrag.js
C:\Desarrollo\Desarrollo\FullStack\EGestion360\.artifacts\deploy-conteo-20260724\Front\wwwroot\js\dialogDrag.js.br
C:\Desarrollo\Desarrollo\FullStack\EGestion360\.artifacts\deploy-conteo-20260724\Front\wwwroot\js\dialogDrag.js.gz
C:\Desarrollo\Desarrollo\FullStack\EGestion360\.artifacts\deploy-conteo-20260724\Front\wwwroot\js\documentSupport.js
C:\Desarrollo\Desarrollo\FullStack\EGestion360\.artifacts\deploy-conteo-20260724\Front\wwwroot\js\documentSupport.js.br
C:\Desarrollo\Desarrollo\FullStack\EGestion360\.artifacts\deploy-conteo-20260724\Front\wwwroot\js\documentSupport.js.gz
C:\Desarrollo\Desarrollo\FullStack\EGestion360\.artifacts\deploy-conteo-20260724\Front\wwwroot\js\download.js
C:\Desarrollo\Desarrollo\FullStack\EGestion360\.artifacts\deploy-conteo-20260724\Front\wwwroot\js\download.js.br
C:\Desarrollo\Desarrollo\FullStack\EGestion360\.artifacts\deploy-conteo-20260724\Front\wwwroot\js\download.js.gz
C:\Desarrollo\Desarrollo\FullStack\EGestion360\.artifacts\deploy-conteo-20260724\Front\wwwroot\js\egestion-combo-scroll.js
C:\Desarrollo\Desarrollo\FullStack\EGestion360\.artifacts\deploy-conteo-20260724\Front\wwwroot\js\egestion-combo-scroll.js.br
C:\Desarrollo\Desarrollo\FullStack\EGestion360\.artifacts\deploy-conteo-20260724\Front\wwwroot\js\egestion-combo-scroll.js.gz
C:\Desarrollo\Desarrollo\FullStack\EGestion360\.artifacts\deploy-conteo-20260724\Front\wwwroot\js\genericTableColumns.js
C:\Desarrollo\Desarrollo\FullStack\EGestion360\.artifacts\deploy-conteo-20260724\Front\wwwroot\js\genericTableColumns.js.br
C:\Desarrollo\Desarrollo\FullStack\EGestion360\.artifacts\deploy-conteo-20260724\Front\wwwroot\js\genericTableColumns.js.gz
C:\Desarrollo\Desarrollo\FullStack\EGestion360\.artifacts\deploy-conteo-20260724\Front\wwwroot\js\loginAutofill.js
C:\Desarrollo\Desarrollo\FullStack\EGestion360\.artifacts\deploy-conteo-20260724\Front\wwwroot\js\loginAutofill.js.br
C:\Desarrollo\Desarrollo\FullStack\EGestion360\.artifacts\deploy-conteo-20260724\Front\wwwroot\js\loginAutofill.js.gz
C:\Desarrollo\Desarrollo\FullStack\EGestion360\.artifacts\deploy-conteo-20260724\Front\wwwroot\js\mudBlazorTheme.js
C:\Desarrollo\Desarrollo\FullStack\EGestion360\.artifacts\deploy-conteo-20260724\Front\wwwroot\js\mudBlazorTheme.js.br
C:\Desarrollo\Desarrollo\FullStack\EGestion360\.artifacts\deploy-conteo-20260724\Front\wwwroot\js\mudBlazorTheme.js.gz
C:\Desarrollo\Desarrollo\FullStack\EGestion360\.artifacts\deploy-conteo-20260724\Front\wwwroot\js\reportingPdf.js
C:\Desarrollo\Desarrollo\FullStack\EGestion360\.artifacts\deploy-conteo-20260724\Front\wwwroot\js\reportingPdf.js.br
C:\Desarrollo\Desarrollo\FullStack\EGestion360\.artifacts\deploy-conteo-20260724\Front\wwwroot\js\reportingPdf.js.gz
C:\Desarrollo\Desarrollo\FullStack\EGestion360\.artifacts\deploy-conteo-20260724\Front\wwwroot\js\sidebarResize.js
C:\Desarrollo\Desarrollo\FullStack\EGestion360\.artifacts\deploy-conteo-20260724\Front\wwwroot\js\sidebarResize.js.br
C:\Desarrollo\Desarrollo\FullStack\EGestion360\.artifacts\deploy-conteo-20260724\Front\wwwroot\js\sidebarResize.js.gz
C:\Desarrollo\Desarrollo\FullStack\EGestion360\.artifacts\deploy-conteo-20260724\Front\wwwroot\lib\bootstrap\dist\css\bootstrap.min.css
C:\Desarrollo\Desarrollo\FullStack\EGestion360\.artifacts\deploy-conteo-20260724\Front\wwwroot\lib\bootstrap\dist\css\bootstrap.min.css.br
C:\Desarrollo\Desarrollo\FullStack\EGestion360\.artifacts\deploy-conteo-20260724\Front\wwwroot\lib\bootstrap\dist\css\bootstrap.min.css.gz
C:\Desarrollo\Desarrollo\FullStack\EGestion360\.artifacts\deploy-conteo-20260724\Front\wwwroot\sample-data\weather.json
C:\Desarrollo\Desarrollo\FullStack\EGestion360\.artifacts\deploy-conteo-20260724\Front\wwwroot\sample-data\weather.json.br
C:\Desarrollo\Desarrollo\FullStack\EGestion360\.artifacts\deploy-conteo-20260724\Front\wwwroot\sample-data\weather.json.gz
C:\Desarrollo\Desarrollo\FullStack\EGestion360\.artifacts\deploy-conteo-20260724\Front\wwwroot\_content\MudBlazor\MudBlazor.min.css
C:\Desarrollo\Desarrollo\FullStack\EGestion360\.artifacts\deploy-conteo-20260724\Front\wwwroot\_content\MudBlazor\MudBlazor.min.css.br
C:\Desarrollo\Desarrollo\FullStack\EGestion360\.artifacts\deploy-conteo-20260724\Front\wwwroot\_content\MudBlazor\MudBlazor.min.css.gz
C:\Desarrollo\Desarrollo\FullStack\EGestion360\.artifacts\deploy-conteo-20260724\Front\wwwroot\_content\MudBlazor\MudBlazor.min.js
C:\Desarrollo\Desarrollo\FullStack\EGestion360\.artifacts\deploy-conteo-20260724\Front\wwwroot\_content\MudBlazor\MudBlazor.min.js.br
C:\Desarrollo\Desarrollo\FullStack\EGestion360\.artifacts\deploy-conteo-20260724\Front\wwwroot\_content\MudBlazor\MudBlazor.min.js.gz
C:\Desarrollo\Desarrollo\FullStack\EGestion360\.artifacts\deploy-conteo-20260724\Front\wwwroot\_content\MudBlazor\MudBlazor.min.js.map
C:\Desarrollo\Desarrollo\FullStack\EGestion360\.artifacts\deploy-conteo-20260724\Front\wwwroot\_content\MudBlazor\MudBlazor.min.js.map.br
C:\Desarrollo\Desarrollo\FullStack\EGestion360\.artifacts\deploy-conteo-20260724\Front\wwwroot\_content\MudBlazor\MudBlazor.min.js.map.gz
C:\Desarrollo\Desarrollo\FullStack\EGestion360\.artifacts\deploy-conteo-20260724\Front\wwwroot\_framework\blazor.webassembly.958z1vx7fr.js
C:\Desarrollo\Desarrollo\FullStack\EGestion360\.artifacts\deploy-conteo-20260724\Front\wwwroot\_framework\blazor.webassembly.958z1vx7fr.js.br
C:\Desarrollo\Desarrollo\FullStack\EGestion360\.artifacts\deploy-conteo-20260724\Front\wwwroot\_framework\blazor.webassembly.958z1vx7fr.js.gz
C:\Desarrollo\Desarrollo\FullStack\EGestion360\.artifacts\deploy-conteo-20260724\Front\wwwroot\_framework\dotnet.eexsg04j2d.js
C:\Desarrollo\Desarrollo\FullStack\EGestion360\.artifacts\deploy-conteo-20260724\Front\wwwroot\_framework\dotnet.eexsg04j2d.js.br
C:\Desarrollo\Desarrollo\FullStack\EGestion360\.artifacts\deploy-conteo-20260724\Front\wwwroot\_framework\dotnet.eexsg04j2d.js.gz
C:\Desarrollo\Desarrollo\FullStack\EGestion360\.artifacts\deploy-conteo-20260724\Front\wwwroot\_framework\dotnet.native.lfer7yppi1.wasm
C:\Desarrollo\Desarrollo\FullStack\EGestion360\.artifacts\deploy-conteo-20260724\Front\wwwroot\_framework\dotnet.native.lfer7yppi1.wasm.br
C:\Desarrollo\Desarrollo\FullStack\EGestion360\.artifacts\deploy-conteo-20260724\Front\wwwroot\_framework\dotnet.native.lfer7yppi1.wasm.gz
C:\Desarrollo\Desarrollo\FullStack\EGestion360\.artifacts\deploy-conteo-20260724\Front\wwwroot\_framework\dotnet.native.wq5toy4mf1.js
C:\Desarrollo\Desarrollo\FullStack\EGestion360\.artifacts\deploy-conteo-20260724\Front\wwwroot\_framework\dotnet.native.wq5toy4mf1.js.br
C:\Desarrollo\Desarrollo\FullStack\EGestion360\.artifacts\deploy-conteo-20260724\Front\wwwroot\_framework\dotnet.native.wq5toy4mf1.js.gz
C:\Desarrollo\Desarrollo\FullStack\EGestion360\.artifacts\deploy-conteo-20260724\Front\wwwroot\_framework\dotnet.runtime.a6jcqbs390.js
C:\Desarrollo\Desarrollo\FullStack\EGestion360\.artifacts\deploy-conteo-20260724\Front\wwwroot\_framework\dotnet.runtime.a6jcqbs390.js.br
C:\Desarrollo\Desarrollo\FullStack\EGestion360\.artifacts\deploy-conteo-20260724\Front\wwwroot\_framework\dotnet.runtime.a6jcqbs390.js.gz
C:\Desarrollo\Desarrollo\FullStack\EGestion360\.artifacts\deploy-conteo-20260724\Front\wwwroot\_framework\EG.Common.2du0wirz8f.wasm
C:\Desarrollo\Desarrollo\FullStack\EGestion360\.artifacts\deploy-conteo-20260724\Front\wwwroot\_framework\EG.Common.2du0wirz8f.wasm.br
C:\Desarrollo\Desarrollo\FullStack\EGestion360\.artifacts\deploy-conteo-20260724\Front\wwwroot\_framework\EG.Common.2du0wirz8f.wasm.gz
C:\Desarrollo\Desarrollo\FullStack\EGestion360\.artifacts\deploy-conteo-20260724\Front\wwwroot\_framework\EG.Domain.bdce6jhit6.wasm
C:\Desarrollo\Desarrollo\FullStack\EGestion360\.artifacts\deploy-conteo-20260724\Front\wwwroot\_framework\EG.Domain.bdce6jhit6.wasm.br
C:\Desarrollo\Desarrollo\FullStack\EGestion360\.artifacts\deploy-conteo-20260724\Front\wwwroot\_framework\EG.Domain.bdce6jhit6.wasm.gz
C:\Desarrollo\Desarrollo\FullStack\EGestion360\.artifacts\deploy-conteo-20260724\Front\wwwroot\_framework\EG.Web.va03c6nyri.wasm
C:\Desarrollo\Desarrollo\FullStack\EGestion360\.artifacts\deploy-conteo-20260724\Front\wwwroot\_framework\EG.Web.va03c6nyri.wasm.br
C:\Desarrollo\Desarrollo\FullStack\EGestion360\.artifacts\deploy-conteo-20260724\Front\wwwroot\_framework\EG.Web.va03c6nyri.wasm.gz
C:\Desarrollo\Desarrollo\FullStack\EGestion360\.artifacts\deploy-conteo-20260724\Front\wwwroot\_framework\icudt_CJK.tjcz0u77k5.dat
C:\Desarrollo\Desarrollo\FullStack\EGestion360\.artifacts\deploy-conteo-20260724\Front\wwwroot\_framework\icudt_CJK.tjcz0u77k5.dat.br
C:\Desarrollo\Desarrollo\FullStack\EGestion360\.artifacts\deploy-conteo-20260724\Front\wwwroot\_framework\icudt_CJK.tjcz0u77k5.dat.gz
C:\Desarrollo\Desarrollo\FullStack\EGestion360\.artifacts\deploy-conteo-20260724\Front\wwwroot\_framework\icudt_EFIGS.tptq2av103.dat
C:\Desarrollo\Desarrollo\FullStack\EGestion360\.artifacts\deploy-conteo-20260724\Front\wwwroot\_framework\icudt_EFIGS.tptq2av103.dat.br
C:\Desarrollo\Desarrollo\FullStack\EGestion360\.artifacts\deploy-conteo-20260724\Front\wwwroot\_framework\icudt_EFIGS.tptq2av103.dat.gz
C:\Desarrollo\Desarrollo\FullStack\EGestion360\.artifacts\deploy-conteo-20260724\Front\wwwroot\_framework\icudt_no_CJK.lfu7j35m59.dat
C:\Desarrollo\Desarrollo\FullStack\EGestion360\.artifacts\deploy-conteo-20260724\Front\wwwroot\_framework\icudt_no_CJK.lfu7j35m59.dat.br
C:\Desarrollo\Desarrollo\FullStack\EGestion360\.artifacts\deploy-conteo-20260724\Front\wwwroot\_framework\icudt_no_CJK.lfu7j35m59.dat.gz
C:\Desarrollo\Desarrollo\FullStack\EGestion360\.artifacts\deploy-conteo-20260724\Front\wwwroot\_framework\Microsoft.AspNetCore.Authorization.otz5nd4tbv.wasm
C:\Desarrollo\Desarrollo\FullStack\EGestion360\.artifacts\deploy-conteo-20260724\Front\wwwroot\_framework\Microsoft.AspNetCore.Authorization.otz5nd4tbv.wasm.br
C:\Desarrollo\Desarrollo\FullStack\EGestion360\.artifacts\deploy-conteo-20260724\Front\wwwroot\_framework\Microsoft.AspNetCore.Authorization.otz5nd4tbv.wasm.gz
C:\Desarrollo\Desarrollo\FullStack\EGestion360\.artifacts\deploy-conteo-20260724\Front\wwwroot\_framework\Microsoft.AspNetCore.Components.Authorization.ewu9kgvlj7.wasm
C:\Desarrollo\Desarrollo\FullStack\EGestion360\.artifacts\deploy-conteo-20260724\Front\wwwroot\_framework\Microsoft.AspNetCore.Components.Authorization.ewu9kgvlj7.wasm.br
C:\Desarrollo\Desarrollo\FullStack\EGestion360\.artifacts\deploy-conteo-20260724\Front\wwwroot\_framework\Microsoft.AspNetCore.Components.Authorization.ewu9kgvlj7.wasm.gz
C:\Desarrollo\Desarrollo\FullStack\EGestion360\.artifacts\deploy-conteo-20260724\Front\wwwroot\_framework\Microsoft.AspNetCore.Components.Forms.qjop66l3nj.wasm
C:\Desarrollo\Desarrollo\FullStack\EGestion360\.artifacts\deploy-conteo-20260724\Front\wwwroot\_framework\Microsoft.AspNetCore.Components.Forms.qjop66l3nj.wasm.br
C:\Desarrollo\Desarrollo\FullStack\EGestion360\.artifacts\deploy-conteo-20260724\Front\wwwroot\_framework\Microsoft.AspNetCore.Components.Forms.qjop66l3nj.wasm.gz
C:\Desarrollo\Desarrollo\FullStack\EGestion360\.artifacts\deploy-conteo-20260724\Front\wwwroot\_framework\Microsoft.AspNetCore.Components.pvo2t178kl.wasm
C:\Desarrollo\Desarrollo\FullStack\EGestion360\.artifacts\deploy-conteo-20260724\Front\wwwroot\_framework\Microsoft.AspNetCore.Components.pvo2t178kl.wasm.br
C:\Desarrollo\Desarrollo\FullStack\EGestion360\.artifacts\deploy-conteo-20260724\Front\wwwroot\_framework\Microsoft.AspNetCore.Components.pvo2t178kl.wasm.gz
C:\Desarrollo\Desarrollo\FullStack\EGestion360\.artifacts\deploy-conteo-20260724\Front\wwwroot\_framework\Microsoft.AspNetCore.Components.Web.spi3ybvp76.wasm
C:\Desarrollo\Desarrollo\FullStack\EGestion360\.artifacts\deploy-conteo-20260724\Front\wwwroot\_framework\Microsoft.AspNetCore.Components.Web.spi3ybvp76.wasm.br
C:\Desarrollo\Desarrollo\FullStack\EGestion360\.artifacts\deploy-conteo-20260724\Front\wwwroot\_framework\Microsoft.AspNetCore.Components.Web.spi3ybvp76.wasm.gz
C:\Desarrollo\Desarrollo\FullStack\EGestion360\.artifacts\deploy-conteo-20260724\Front\wwwroot\_framework\Microsoft.AspNetCore.Components.WebAssembly.x8vv46sa3p.wasm
C:\Desarrollo\Desarrollo\FullStack\EGestion360\.artifacts\deploy-conteo-20260724\Front\wwwroot\_framework\Microsoft.AspNetCore.Components.WebAssembly.x8vv46sa3p.wasm.br
C:\Desarrollo\Desarrollo\FullStack\EGestion360\.artifacts\deploy-conteo-20260724\Front\wwwroot\_framework\Microsoft.AspNetCore.Components.WebAssembly.x8vv46sa3p.wasm.gz
C:\Desarrollo\Desarrollo\FullStack\EGestion360\.artifacts\deploy-conteo-20260724\Front\wwwroot\_framework\Microsoft.AspNetCore.Metadata.h5rkjprljp.wasm
C:\Desarrollo\Desarrollo\FullStack\EGestion360\.artifacts\deploy-conteo-20260724\Front\wwwroot\_framework\Microsoft.AspNetCore.Metadata.h5rkjprljp.wasm.br
C:\Desarrollo\Desarrollo\FullStack\EGestion360\.artifacts\deploy-conteo-20260724\Front\wwwroot\_framework\Microsoft.AspNetCore.Metadata.h5rkjprljp.wasm.gz
C:\Desarrollo\Desarrollo\FullStack\EGestion360\.artifacts\deploy-conteo-20260724\Front\wwwroot\_framework\Microsoft.Extensions.Configuration.7dav4qu5sa.wasm
C:\Desarrollo\Desarrollo\FullStack\EGestion360\.artifacts\deploy-conteo-20260724\Front\wwwroot\_framework\Microsoft.Extensions.Configuration.7dav4qu5sa.wasm.br
C:\Desarrollo\Desarrollo\FullStack\EGestion360\.artifacts\deploy-conteo-20260724\Front\wwwroot\_framework\Microsoft.Extensions.Configuration.7dav4qu5sa.wasm.gz
C:\Desarrollo\Desarrollo\FullStack\EGestion360\.artifacts\deploy-conteo-20260724\Front\wwwroot\_framework\Microsoft.Extensions.Configuration.Abstractions.db7ols1dqa.wasm
C:\Desarrollo\Desarrollo\FullStack\EGestion360\.artifacts\deploy-conteo-20260724\Front\wwwroot\_framework\Microsoft.Extensions.Configuration.Abstractions.db7ols1dqa.wasm.br
C:\Desarrollo\Desarrollo\FullStack\EGestion360\.artifacts\deploy-conteo-20260724\Front\wwwroot\_framework\Microsoft.Extensions.Configuration.Abstractions.db7ols1dqa.wasm.gz
C:\Desarrollo\Desarrollo\FullStack\EGestion360\.artifacts\deploy-conteo-20260724\Front\wwwroot\_framework\Microsoft.Extensions.Configuration.Json.iitlxos134.wasm
C:\Desarrollo\Desarrollo\FullStack\EGestion360\.artifacts\deploy-conteo-20260724\Front\wwwroot\_framework\Microsoft.Extensions.Configuration.Json.iitlxos134.wasm.br
C:\Desarrollo\Desarrollo\FullStack\EGestion360\.artifacts\deploy-conteo-20260724\Front\wwwroot\_framework\Microsoft.Extensions.Configuration.Json.iitlxos134.wasm.gz
C:\Desarrollo\Desarrollo\FullStack\EGestion360\.artifacts\deploy-conteo-20260724\Front\wwwroot\_framework\Microsoft.Extensions.DependencyInjection.Abstractions.43heihjocc.wasm
C:\Desarrollo\Desarrollo\FullStack\EGestion360\.artifacts\deploy-conteo-20260724\Front\wwwroot\_framework\Microsoft.Extensions.DependencyInjection.Abstractions.43heihjocc.wasm.br
C:\Desarrollo\Desarrollo\FullStack\EGestion360\.artifacts\deploy-conteo-20260724\Front\wwwroot\_framework\Microsoft.Extensions.DependencyInjection.Abstractions.43heihjocc.wasm.gz
C:\Desarrollo\Desarrollo\FullStack\EGestion360\.artifacts\deploy-conteo-20260724\Front\wwwroot\_framework\Microsoft.Extensions.DependencyInjection.pdq83eroqe.wasm
C:\Desarrollo\Desarrollo\FullStack\EGestion360\.artifacts\deploy-conteo-20260724\Front\wwwroot\_framework\Microsoft.Extensions.DependencyInjection.pdq83eroqe.wasm.br
C:\Desarrollo\Desarrollo\FullStack\EGestion360\.artifacts\deploy-conteo-20260724\Front\wwwroot\_framework\Microsoft.Extensions.DependencyInjection.pdq83eroqe.wasm.gz
C:\Desarrollo\Desarrollo\FullStack\EGestion360\.artifacts\deploy-conteo-20260724\Front\wwwroot\_framework\Microsoft.Extensions.Diagnostics.Abstractions.xnj79tmbo0.wasm
C:\Desarrollo\Desarrollo\FullStack\EGestion360\.artifacts\deploy-conteo-20260724\Front\wwwroot\_framework\Microsoft.Extensions.Diagnostics.Abstractions.xnj79tmbo0.wasm.br
C:\Desarrollo\Desarrollo\FullStack\EGestion360\.artifacts\deploy-conteo-20260724\Front\wwwroot\_framework\Microsoft.Extensions.Diagnostics.Abstractions.xnj79tmbo0.wasm.gz
C:\Desarrollo\Desarrollo\FullStack\EGestion360\.artifacts\deploy-conteo-20260724\Front\wwwroot\_framework\Microsoft.Extensions.Diagnostics.ea9jzo65mq.wasm
C:\Desarrollo\Desarrollo\FullStack\EGestion360\.artifacts\deploy-conteo-20260724\Front\wwwroot\_framework\Microsoft.Extensions.Diagnostics.ea9jzo65mq.wasm.br
C:\Desarrollo\Desarrollo\FullStack\EGestion360\.artifacts\deploy-conteo-20260724\Front\wwwroot\_framework\Microsoft.Extensions.Diagnostics.ea9jzo65mq.wasm.gz
C:\Desarrollo\Desarrollo\FullStack\EGestion360\.artifacts\deploy-conteo-20260724\Front\wwwroot\_framework\Microsoft.Extensions.Http.ogyz76cw4r.wasm
C:\Desarrollo\Desarrollo\FullStack\EGestion360\.artifacts\deploy-conteo-20260724\Front\wwwroot\_framework\Microsoft.Extensions.Http.ogyz76cw4r.wasm.br
C:\Desarrollo\Desarrollo\FullStack\EGestion360\.artifacts\deploy-conteo-20260724\Front\wwwroot\_framework\Microsoft.Extensions.Http.ogyz76cw4r.wasm.gz
C:\Desarrollo\Desarrollo\FullStack\EGestion360\.artifacts\deploy-conteo-20260724\Front\wwwroot\_framework\Microsoft.Extensions.Localization.03m3bnm1u7.wasm
C:\Desarrollo\Desarrollo\FullStack\EGestion360\.artifacts\deploy-conteo-20260724\Front\wwwroot\_framework\Microsoft.Extensions.Localization.03m3bnm1u7.wasm.br
C:\Desarrollo\Desarrollo\FullStack\EGestion360\.artifacts\deploy-conteo-20260724\Front\wwwroot\_framework\Microsoft.Extensions.Localization.03m3bnm1u7.wasm.gz
C:\Desarrollo\Desarrollo\FullStack\EGestion360\.artifacts\deploy-conteo-20260724\Front\wwwroot\_framework\Microsoft.Extensions.Localization.Abstractions.n3xzr1mcfu.wasm
C:\Desarrollo\Desarrollo\FullStack\EGestion360\.artifacts\deploy-conteo-20260724\Front\wwwroot\_framework\Microsoft.Extensions.Localization.Abstractions.n3xzr1mcfu.wasm.br
C:\Desarrollo\Desarrollo\FullStack\EGestion360\.artifacts\deploy-conteo-20260724\Front\wwwroot\_framework\Microsoft.Extensions.Localization.Abstractions.n3xzr1mcfu.wasm.gz
C:\Desarrollo\Desarrollo\FullStack\EGestion360\.artifacts\deploy-conteo-20260724\Front\wwwroot\_framework\Microsoft.Extensions.Logging.Abstractions.1r7vncyl3v.wasm
C:\Desarrollo\Desarrollo\FullStack\EGestion360\.artifacts\deploy-conteo-20260724\Front\wwwroot\_framework\Microsoft.Extensions.Logging.Abstractions.1r7vncyl3v.wasm.br
C:\Desarrollo\Desarrollo\FullStack\EGestion360\.artifacts\deploy-conteo-20260724\Front\wwwroot\_framework\Microsoft.Extensions.Logging.Abstractions.1r7vncyl3v.wasm.gz
C:\Desarrollo\Desarrollo\FullStack\EGestion360\.artifacts\deploy-conteo-20260724\Front\wwwroot\_framework\Microsoft.Extensions.Logging.eskc3grr2f.wasm
C:\Desarrollo\Desarrollo\FullStack\EGestion360\.artifacts\deploy-conteo-20260724\Front\wwwroot\_framework\Microsoft.Extensions.Logging.eskc3grr2f.wasm.br
C:\Desarrollo\Desarrollo\FullStack\EGestion360\.artifacts\deploy-conteo-20260724\Front\wwwroot\_framework\Microsoft.Extensions.Logging.eskc3grr2f.wasm.gz
C:\Desarrollo\Desarrollo\FullStack\EGestion360\.artifacts\deploy-conteo-20260724\Front\wwwroot\_framework\Microsoft.Extensions.Options.48m8n08958.wasm
C:\Desarrollo\Desarrollo\FullStack\EGestion360\.artifacts\deploy-conteo-20260724\Front\wwwroot\_framework\Microsoft.Extensions.Options.48m8n08958.wasm.br
C:\Desarrollo\Desarrollo\FullStack\EGestion360\.artifacts\deploy-conteo-20260724\Front\wwwroot\_framework\Microsoft.Extensions.Options.48m8n08958.wasm.gz
C:\Desarrollo\Desarrollo\FullStack\EGestion360\.artifacts\deploy-conteo-20260724\Front\wwwroot\_framework\Microsoft.Extensions.Primitives.7lcy7clzg7.wasm
C:\Desarrollo\Desarrollo\FullStack\EGestion360\.artifacts\deploy-conteo-20260724\Front\wwwroot\_framework\Microsoft.Extensions.Primitives.7lcy7clzg7.wasm.br
C:\Desarrollo\Desarrollo\FullStack\EGestion360\.artifacts\deploy-conteo-20260724\Front\wwwroot\_framework\Microsoft.Extensions.Primitives.7lcy7clzg7.wasm.gz
C:\Desarrollo\Desarrollo\FullStack\EGestion360\.artifacts\deploy-conteo-20260724\Front\wwwroot\_framework\Microsoft.JSInterop.WebAssembly.cbdj3f5i9f.wasm
C:\Desarrollo\Desarrollo\FullStack\EGestion360\.artifacts\deploy-conteo-20260724\Front\wwwroot\_framework\Microsoft.JSInterop.WebAssembly.cbdj3f5i9f.wasm.br
C:\Desarrollo\Desarrollo\FullStack\EGestion360\.artifacts\deploy-conteo-20260724\Front\wwwroot\_framework\Microsoft.JSInterop.WebAssembly.cbdj3f5i9f.wasm.gz
C:\Desarrollo\Desarrollo\FullStack\EGestion360\.artifacts\deploy-conteo-20260724\Front\wwwroot\_framework\Microsoft.JSInterop.wn91mc8f40.wasm
C:\Desarrollo\Desarrollo\FullStack\EGestion360\.artifacts\deploy-conteo-20260724\Front\wwwroot\_framework\Microsoft.JSInterop.wn91mc8f40.wasm.br
C:\Desarrollo\Desarrollo\FullStack\EGestion360\.artifacts\deploy-conteo-20260724\Front\wwwroot\_framework\Microsoft.JSInterop.wn91mc8f40.wasm.gz
C:\Desarrollo\Desarrollo\FullStack\EGestion360\.artifacts\deploy-conteo-20260724\Front\wwwroot\_framework\MiniExcel.ejkzn67vfh.wasm
C:\Desarrollo\Desarrollo\FullStack\EGestion360\.artifacts\deploy-conteo-20260724\Front\wwwroot\_framework\MiniExcel.ejkzn67vfh.wasm.br
C:\Desarrollo\Desarrollo\FullStack\EGestion360\.artifacts\deploy-conteo-20260724\Front\wwwroot\_framework\MiniExcel.ejkzn67vfh.wasm.gz
C:\Desarrollo\Desarrollo\FullStack\EGestion360\.artifacts\deploy-conteo-20260724\Front\wwwroot\_framework\MudBlazor.xpk4o86pew.wasm
C:\Desarrollo\Desarrollo\FullStack\EGestion360\.artifacts\deploy-conteo-20260724\Front\wwwroot\_framework\MudBlazor.xpk4o86pew.wasm.br
C:\Desarrollo\Desarrollo\FullStack\EGestion360\.artifacts\deploy-conteo-20260724\Front\wwwroot\_framework\MudBlazor.xpk4o86pew.wasm.gz
C:\Desarrollo\Desarrollo\FullStack\EGestion360\.artifacts\deploy-conteo-20260724\Front\wwwroot\_framework\System.Collections.0hip4rdfl0.wasm
C:\Desarrollo\Desarrollo\FullStack\EGestion360\.artifacts\deploy-conteo-20260724\Front\wwwroot\_framework\System.Collections.0hip4rdfl0.wasm.br
C:\Desarrollo\Desarrollo\FullStack\EGestion360\.artifacts\deploy-conteo-20260724\Front\wwwroot\_framework\System.Collections.0hip4rdfl0.wasm.gz
C:\Desarrollo\Desarrollo\FullStack\EGestion360\.artifacts\deploy-conteo-20260724\Front\wwwroot\_framework\System.Collections.Concurrent.fff1blty2v.wasm
C:\Desarrollo\Desarrollo\FullStack\EGestion360\.artifacts\deploy-conteo-20260724\Front\wwwroot\_framework\System.Collections.Concurrent.fff1blty2v.wasm.br
C:\Desarrollo\Desarrollo\FullStack\EGestion360\.artifacts\deploy-conteo-20260724\Front\wwwroot\_framework\System.Collections.Concurrent.fff1blty2v.wasm.gz
C:\Desarrollo\Desarrollo\FullStack\EGestion360\.artifacts\deploy-conteo-20260724\Front\wwwroot\_framework\System.Collections.Immutable.itqe0xmhzb.wasm
C:\Desarrollo\Desarrollo\FullStack\EGestion360\.artifacts\deploy-conteo-20260724\Front\wwwroot\_framework\System.Collections.Immutable.itqe0xmhzb.wasm.br
C:\Desarrollo\Desarrollo\FullStack\EGestion360\.artifacts\deploy-conteo-20260724\Front\wwwroot\_framework\System.Collections.Immutable.itqe0xmhzb.wasm.gz
C:\Desarrollo\Desarrollo\FullStack\EGestion360\.artifacts\deploy-conteo-20260724\Front\wwwroot\_framework\System.Collections.NonGeneric.shz7pkyi4n.wasm
C:\Desarrollo\Desarrollo\FullStack\EGestion360\.artifacts\deploy-conteo-20260724\Front\wwwroot\_framework\System.Collections.NonGeneric.shz7pkyi4n.wasm.br
C:\Desarrollo\Desarrollo\FullStack\EGestion360\.artifacts\deploy-conteo-20260724\Front\wwwroot\_framework\System.Collections.NonGeneric.shz7pkyi4n.wasm.gz
C:\Desarrollo\Desarrollo\FullStack\EGestion360\.artifacts\deploy-conteo-20260724\Front\wwwroot\_framework\System.Collections.Specialized.9zcnl9c2os.wasm
C:\Desarrollo\Desarrollo\FullStack\EGestion360\.artifacts\deploy-conteo-20260724\Front\wwwroot\_framework\System.Collections.Specialized.9zcnl9c2os.wasm.br
C:\Desarrollo\Desarrollo\FullStack\EGestion360\.artifacts\deploy-conteo-20260724\Front\wwwroot\_framework\System.Collections.Specialized.9zcnl9c2os.wasm.gz
C:\Desarrollo\Desarrollo\FullStack\EGestion360\.artifacts\deploy-conteo-20260724\Front\wwwroot\_framework\System.ComponentModel.Annotations.x0wv41p87t.wasm
C:\Desarrollo\Desarrollo\FullStack\EGestion360\.artifacts\deploy-conteo-20260724\Front\wwwroot\_framework\System.ComponentModel.Annotations.x0wv41p87t.wasm.br
C:\Desarrollo\Desarrollo\FullStack\EGestion360\.artifacts\deploy-conteo-20260724\Front\wwwroot\_framework\System.ComponentModel.Annotations.x0wv41p87t.wasm.gz
C:\Desarrollo\Desarrollo\FullStack\EGestion360\.artifacts\deploy-conteo-20260724\Front\wwwroot\_framework\System.ComponentModel.eo3a2wv09j.wasm
C:\Desarrollo\Desarrollo\FullStack\EGestion360\.artifacts\deploy-conteo-20260724\Front\wwwroot\_framework\System.ComponentModel.eo3a2wv09j.wasm.br
C:\Desarrollo\Desarrollo\FullStack\EGestion360\.artifacts\deploy-conteo-20260724\Front\wwwroot\_framework\System.ComponentModel.eo3a2wv09j.wasm.gz
C:\Desarrollo\Desarrollo\FullStack\EGestion360\.artifacts\deploy-conteo-20260724\Front\wwwroot\_framework\System.ComponentModel.Primitives.8ewy8t22bs.wasm
C:\Desarrollo\Desarrollo\FullStack\EGestion360\.artifacts\deploy-conteo-20260724\Front\wwwroot\_framework\System.ComponentModel.Primitives.8ewy8t22bs.wasm.br
C:\Desarrollo\Desarrollo\FullStack\EGestion360\.artifacts\deploy-conteo-20260724\Front\wwwroot\_framework\System.ComponentModel.Primitives.8ewy8t22bs.wasm.gz
C:\Desarrollo\Desarrollo\FullStack\EGestion360\.artifacts\deploy-conteo-20260724\Front\wwwroot\_framework\System.ComponentModel.TypeConverter.t9uazmk9j8.wasm
C:\Desarrollo\Desarrollo\FullStack\EGestion360\.artifacts\deploy-conteo-20260724\Front\wwwroot\_framework\System.ComponentModel.TypeConverter.t9uazmk9j8.wasm.br
C:\Desarrollo\Desarrollo\FullStack\EGestion360\.artifacts\deploy-conteo-20260724\Front\wwwroot\_framework\System.ComponentModel.TypeConverter.t9uazmk9j8.wasm.gz
C:\Desarrollo\Desarrollo\FullStack\EGestion360\.artifacts\deploy-conteo-20260724\Front\wwwroot\_framework\System.Console.z5k3ws4h4y.wasm
C:\Desarrollo\Desarrollo\FullStack\EGestion360\.artifacts\deploy-conteo-20260724\Front\wwwroot\_framework\System.Console.z5k3ws4h4y.wasm.br
C:\Desarrollo\Desarrollo\FullStack\EGestion360\.artifacts\deploy-conteo-20260724\Front\wwwroot\_framework\System.Console.z5k3ws4h4y.wasm.gz
C:\Desarrollo\Desarrollo\FullStack\EGestion360\.artifacts\deploy-conteo-20260724\Front\wwwroot\_framework\System.Data.Common.bsg9quc1ka.wasm
C:\Desarrollo\Desarrollo\FullStack\EGestion360\.artifacts\deploy-conteo-20260724\Front\wwwroot\_framework\System.Data.Common.bsg9quc1ka.wasm.br
C:\Desarrollo\Desarrollo\FullStack\EGestion360\.artifacts\deploy-conteo-20260724\Front\wwwroot\_framework\System.Data.Common.bsg9quc1ka.wasm.gz
C:\Desarrollo\Desarrollo\FullStack\EGestion360\.artifacts\deploy-conteo-20260724\Front\wwwroot\_framework\System.Diagnostics.DiagnosticSource.ozkrnms4od.wasm
C:\Desarrollo\Desarrollo\FullStack\EGestion360\.artifacts\deploy-conteo-20260724\Front\wwwroot\_framework\System.Diagnostics.DiagnosticSource.ozkrnms4od.wasm.br
C:\Desarrollo\Desarrollo\FullStack\EGestion360\.artifacts\deploy-conteo-20260724\Front\wwwroot\_framework\System.Diagnostics.DiagnosticSource.ozkrnms4od.wasm.gz
C:\Desarrollo\Desarrollo\FullStack\EGestion360\.artifacts\deploy-conteo-20260724\Front\wwwroot\_framework\System.Diagnostics.TraceSource.0xuwt2ccvq.wasm
C:\Desarrollo\Desarrollo\FullStack\EGestion360\.artifacts\deploy-conteo-20260724\Front\wwwroot\_framework\System.Diagnostics.TraceSource.0xuwt2ccvq.wasm.br
C:\Desarrollo\Desarrollo\FullStack\EGestion360\.artifacts\deploy-conteo-20260724\Front\wwwroot\_framework\System.Diagnostics.TraceSource.0xuwt2ccvq.wasm.gz
C:\Desarrollo\Desarrollo\FullStack\EGestion360\.artifacts\deploy-conteo-20260724\Front\wwwroot\_framework\System.Drawing.Primitives.4rg1969tw2.wasm
C:\Desarrollo\Desarrollo\FullStack\EGestion360\.artifacts\deploy-conteo-20260724\Front\wwwroot\_framework\System.Drawing.Primitives.4rg1969tw2.wasm.br
C:\Desarrollo\Desarrollo\FullStack\EGestion360\.artifacts\deploy-conteo-20260724\Front\wwwroot\_framework\System.Drawing.Primitives.4rg1969tw2.wasm.gz
C:\Desarrollo\Desarrollo\FullStack\EGestion360\.artifacts\deploy-conteo-20260724\Front\wwwroot\_framework\System.Drawing.u2yalkg4b6.wasm
C:\Desarrollo\Desarrollo\FullStack\EGestion360\.artifacts\deploy-conteo-20260724\Front\wwwroot\_framework\System.Drawing.u2yalkg4b6.wasm.br
C:\Desarrollo\Desarrollo\FullStack\EGestion360\.artifacts\deploy-conteo-20260724\Front\wwwroot\_framework\System.Drawing.u2yalkg4b6.wasm.gz
C:\Desarrollo\Desarrollo\FullStack\EGestion360\.artifacts\deploy-conteo-20260724\Front\wwwroot\_framework\System.IO.Compression.msrrcs9j5r.wasm
C:\Desarrollo\Desarrollo\FullStack\EGestion360\.artifacts\deploy-conteo-20260724\Front\wwwroot\_framework\System.IO.Compression.msrrcs9j5r.wasm.br
C:\Desarrollo\Desarrollo\FullStack\EGestion360\.artifacts\deploy-conteo-20260724\Front\wwwroot\_framework\System.IO.Compression.msrrcs9j5r.wasm.gz
C:\Desarrollo\Desarrollo\FullStack\EGestion360\.artifacts\deploy-conteo-20260724\Front\wwwroot\_framework\System.IO.Pipelines.sly5as9fvq.wasm
C:\Desarrollo\Desarrollo\FullStack\EGestion360\.artifacts\deploy-conteo-20260724\Front\wwwroot\_framework\System.IO.Pipelines.sly5as9fvq.wasm.br
C:\Desarrollo\Desarrollo\FullStack\EGestion360\.artifacts\deploy-conteo-20260724\Front\wwwroot\_framework\System.IO.Pipelines.sly5as9fvq.wasm.gz
C:\Desarrollo\Desarrollo\FullStack\EGestion360\.artifacts\deploy-conteo-20260724\Front\wwwroot\_framework\System.Linq.Expressions.9v0seaq7vt.wasm
C:\Desarrollo\Desarrollo\FullStack\EGestion360\.artifacts\deploy-conteo-20260724\Front\wwwroot\_framework\System.Linq.Expressions.9v0seaq7vt.wasm.br
C:\Desarrollo\Desarrollo\FullStack\EGestion360\.artifacts\deploy-conteo-20260724\Front\wwwroot\_framework\System.Linq.Expressions.9v0seaq7vt.wasm.gz
C:\Desarrollo\Desarrollo\FullStack\EGestion360\.artifacts\deploy-conteo-20260724\Front\wwwroot\_framework\System.Linq.rc96c9e7s4.wasm
C:\Desarrollo\Desarrollo\FullStack\EGestion360\.artifacts\deploy-conteo-20260724\Front\wwwroot\_framework\System.Linq.rc96c9e7s4.wasm.br
C:\Desarrollo\Desarrollo\FullStack\EGestion360\.artifacts\deploy-conteo-20260724\Front\wwwroot\_framework\System.Linq.rc96c9e7s4.wasm.gz
C:\Desarrollo\Desarrollo\FullStack\EGestion360\.artifacts\deploy-conteo-20260724\Front\wwwroot\_framework\System.Memory.qtn0ennx4i.wasm
C:\Desarrollo\Desarrollo\FullStack\EGestion360\.artifacts\deploy-conteo-20260724\Front\wwwroot\_framework\System.Memory.qtn0ennx4i.wasm.br
C:\Desarrollo\Desarrollo\FullStack\EGestion360\.artifacts\deploy-conteo-20260724\Front\wwwroot\_framework\System.Memory.qtn0ennx4i.wasm.gz
C:\Desarrollo\Desarrollo\FullStack\EGestion360\.artifacts\deploy-conteo-20260724\Front\wwwroot\_framework\System.Net.Http.Json.1z7pqt0e3c.wasm
C:\Desarrollo\Desarrollo\FullStack\EGestion360\.artifacts\deploy-conteo-20260724\Front\wwwroot\_framework\System.Net.Http.Json.1z7pqt0e3c.wasm.br
C:\Desarrollo\Desarrollo\FullStack\EGestion360\.artifacts\deploy-conteo-20260724\Front\wwwroot\_framework\System.Net.Http.Json.1z7pqt0e3c.wasm.gz
C:\Desarrollo\Desarrollo\FullStack\EGestion360\.artifacts\deploy-conteo-20260724\Front\wwwroot\_framework\System.Net.Http.mwerg1th0v.wasm
C:\Desarrollo\Desarrollo\FullStack\EGestion360\.artifacts\deploy-conteo-20260724\Front\wwwroot\_framework\System.Net.Http.mwerg1th0v.wasm.br
C:\Desarrollo\Desarrollo\FullStack\EGestion360\.artifacts\deploy-conteo-20260724\Front\wwwroot\_framework\System.Net.Http.mwerg1th0v.wasm.gz
C:\Desarrollo\Desarrollo\FullStack\EGestion360\.artifacts\deploy-conteo-20260724\Front\wwwroot\_framework\System.Net.Primitives.g0joan8ok8.wasm
C:\Desarrollo\Desarrollo\FullStack\EGestion360\.artifacts\deploy-conteo-20260724\Front\wwwroot\_framework\System.Net.Primitives.g0joan8ok8.wasm.br
C:\Desarrollo\Desarrollo\FullStack\EGestion360\.artifacts\deploy-conteo-20260724\Front\wwwroot\_framework\System.Net.Primitives.g0joan8ok8.wasm.gz
C:\Desarrollo\Desarrollo\FullStack\EGestion360\.artifacts\deploy-conteo-20260724\Front\wwwroot\_framework\System.nnqvudo0vd.wasm
C:\Desarrollo\Desarrollo\FullStack\EGestion360\.artifacts\deploy-conteo-20260724\Front\wwwroot\_framework\System.nnqvudo0vd.wasm.br
C:\Desarrollo\Desarrollo\FullStack\EGestion360\.artifacts\deploy-conteo-20260724\Front\wwwroot\_framework\System.nnqvudo0vd.wasm.gz
C:\Desarrollo\Desarrollo\FullStack\EGestion360\.artifacts\deploy-conteo-20260724\Front\wwwroot\_framework\System.ObjectModel.uuuwkk1mo8.wasm
C:\Desarrollo\Desarrollo\FullStack\EGestion360\.artifacts\deploy-conteo-20260724\Front\wwwroot\_framework\System.ObjectModel.uuuwkk1mo8.wasm.br
C:\Desarrollo\Desarrollo\FullStack\EGestion360\.artifacts\deploy-conteo-20260724\Front\wwwroot\_framework\System.ObjectModel.uuuwkk1mo8.wasm.gz
C:\Desarrollo\Desarrollo\FullStack\EGestion360\.artifacts\deploy-conteo-20260724\Front\wwwroot\_framework\System.Private.CoreLib.ahdd7u56ka.wasm
C:\Desarrollo\Desarrollo\FullStack\EGestion360\.artifacts\deploy-conteo-20260724\Front\wwwroot\_framework\System.Private.CoreLib.ahdd7u56ka.wasm.br
C:\Desarrollo\Desarrollo\FullStack\EGestion360\.artifacts\deploy-conteo-20260724\Front\wwwroot\_framework\System.Private.CoreLib.ahdd7u56ka.wasm.gz
C:\Desarrollo\Desarrollo\FullStack\EGestion360\.artifacts\deploy-conteo-20260724\Front\wwwroot\_framework\System.Private.Uri.uj7qpldlml.wasm
C:\Desarrollo\Desarrollo\FullStack\EGestion360\.artifacts\deploy-conteo-20260724\Front\wwwroot\_framework\System.Private.Uri.uj7qpldlml.wasm.br
C:\Desarrollo\Desarrollo\FullStack\EGestion360\.artifacts\deploy-conteo-20260724\Front\wwwroot\_framework\System.Private.Uri.uj7qpldlml.wasm.gz
C:\Desarrollo\Desarrollo\FullStack\EGestion360\.artifacts\deploy-conteo-20260724\Front\wwwroot\_framework\System.Private.Xml.kvcbys9d40.wasm
C:\Desarrollo\Desarrollo\FullStack\EGestion360\.artifacts\deploy-conteo-20260724\Front\wwwroot\_framework\System.Private.Xml.kvcbys9d40.wasm.br
C:\Desarrollo\Desarrollo\FullStack\EGestion360\.artifacts\deploy-conteo-20260724\Front\wwwroot\_framework\System.Private.Xml.kvcbys9d40.wasm.gz
C:\Desarrollo\Desarrollo\FullStack\EGestion360\.artifacts\deploy-conteo-20260724\Front\wwwroot\_framework\System.Private.Xml.Linq.4rsdebjtcf.wasm
C:\Desarrollo\Desarrollo\FullStack\EGestion360\.artifacts\deploy-conteo-20260724\Front\wwwroot\_framework\System.Private.Xml.Linq.4rsdebjtcf.wasm.br
C:\Desarrollo\Desarrollo\FullStack\EGestion360\.artifacts\deploy-conteo-20260724\Front\wwwroot\_framework\System.Private.Xml.Linq.4rsdebjtcf.wasm.gz
C:\Desarrollo\Desarrollo\FullStack\EGestion360\.artifacts\deploy-conteo-20260724\Front\wwwroot\_framework\System.Runtime.axkblfauy0.wasm
C:\Desarrollo\Desarrollo\FullStack\EGestion360\.artifacts\deploy-conteo-20260724\Front\wwwroot\_framework\System.Runtime.axkblfauy0.wasm.br
C:\Desarrollo\Desarrollo\FullStack\EGestion360\.artifacts\deploy-conteo-20260724\Front\wwwroot\_framework\System.Runtime.axkblfauy0.wasm.gz
C:\Desarrollo\Desarrollo\FullStack\EGestion360\.artifacts\deploy-conteo-20260724\Front\wwwroot\_framework\System.Runtime.InteropServices.JavaScript.uzoakn3mog.wasm
C:\Desarrollo\Desarrollo\FullStack\EGestion360\.artifacts\deploy-conteo-20260724\Front\wwwroot\_framework\System.Runtime.InteropServices.JavaScript.uzoakn3mog.wasm.br
C:\Desarrollo\Desarrollo\FullStack\EGestion360\.artifacts\deploy-conteo-20260724\Front\wwwroot\_framework\System.Runtime.InteropServices.JavaScript.uzoakn3mog.wasm.gz
C:\Desarrollo\Desarrollo\FullStack\EGestion360\.artifacts\deploy-conteo-20260724\Front\wwwroot\_framework\System.Runtime.Numerics.627ewppywd.wasm
C:\Desarrollo\Desarrollo\FullStack\EGestion360\.artifacts\deploy-conteo-20260724\Front\wwwroot\_framework\System.Runtime.Numerics.627ewppywd.wasm.br
C:\Desarrollo\Desarrollo\FullStack\EGestion360\.artifacts\deploy-conteo-20260724\Front\wwwroot\_framework\System.Runtime.Numerics.627ewppywd.wasm.gz
C:\Desarrollo\Desarrollo\FullStack\EGestion360\.artifacts\deploy-conteo-20260724\Front\wwwroot\_framework\System.Runtime.Serialization.Formatters.p2ihx6zvtp.wasm
C:\Desarrollo\Desarrollo\FullStack\EGestion360\.artifacts\deploy-conteo-20260724\Front\wwwroot\_framework\System.Runtime.Serialization.Formatters.p2ihx6zvtp.wasm.br
C:\Desarrollo\Desarrollo\FullStack\EGestion360\.artifacts\deploy-conteo-20260724\Front\wwwroot\_framework\System.Runtime.Serialization.Formatters.p2ihx6zvtp.wasm.gz
C:\Desarrollo\Desarrollo\FullStack\EGestion360\.artifacts\deploy-conteo-20260724\Front\wwwroot\_framework\System.Security.Claims.3veyvxlrf6.wasm
C:\Desarrollo\Desarrollo\FullStack\EGestion360\.artifacts\deploy-conteo-20260724\Front\wwwroot\_framework\System.Security.Claims.3veyvxlrf6.wasm.br
C:\Desarrollo\Desarrollo\FullStack\EGestion360\.artifacts\deploy-conteo-20260724\Front\wwwroot\_framework\System.Security.Claims.3veyvxlrf6.wasm.gz
C:\Desarrollo\Desarrollo\FullStack\EGestion360\.artifacts\deploy-conteo-20260724\Front\wwwroot\_framework\System.Security.Cryptography.sf9dpejve6.wasm
C:\Desarrollo\Desarrollo\FullStack\EGestion360\.artifacts\deploy-conteo-20260724\Front\wwwroot\_framework\System.Security.Cryptography.sf9dpejve6.wasm.br
C:\Desarrollo\Desarrollo\FullStack\EGestion360\.artifacts\deploy-conteo-20260724\Front\wwwroot\_framework\System.Security.Cryptography.sf9dpejve6.wasm.gz
C:\Desarrollo\Desarrollo\FullStack\EGestion360\.artifacts\deploy-conteo-20260724\Front\wwwroot\_framework\System.Text.Encoding.Extensions.1uq5f7gico.wasm
C:\Desarrollo\Desarrollo\FullStack\EGestion360\.artifacts\deploy-conteo-20260724\Front\wwwroot\_framework\System.Text.Encoding.Extensions.1uq5f7gico.wasm.br
C:\Desarrollo\Desarrollo\FullStack\EGestion360\.artifacts\deploy-conteo-20260724\Front\wwwroot\_framework\System.Text.Encoding.Extensions.1uq5f7gico.wasm.gz
C:\Desarrollo\Desarrollo\FullStack\EGestion360\.artifacts\deploy-conteo-20260724\Front\wwwroot\_framework\System.Text.Encodings.Web.u4jc0rs18n.wasm
C:\Desarrollo\Desarrollo\FullStack\EGestion360\.artifacts\deploy-conteo-20260724\Front\wwwroot\_framework\System.Text.Encodings.Web.u4jc0rs18n.wasm.br
C:\Desarrollo\Desarrollo\FullStack\EGestion360\.artifacts\deploy-conteo-20260724\Front\wwwroot\_framework\System.Text.Encodings.Web.u4jc0rs18n.wasm.gz
C:\Desarrollo\Desarrollo\FullStack\EGestion360\.artifacts\deploy-conteo-20260724\Front\wwwroot\_framework\System.Text.Json.wt5ke058cq.wasm
C:\Desarrollo\Desarrollo\FullStack\EGestion360\.artifacts\deploy-conteo-20260724\Front\wwwroot\_framework\System.Text.Json.wt5ke058cq.wasm.br
C:\Desarrollo\Desarrollo\FullStack\EGestion360\.artifacts\deploy-conteo-20260724\Front\wwwroot\_framework\System.Text.Json.wt5ke058cq.wasm.gz
C:\Desarrollo\Desarrollo\FullStack\EGestion360\.artifacts\deploy-conteo-20260724\Front\wwwroot\_framework\System.Text.RegularExpressions.695vhjdgdj.wasm
C:\Desarrollo\Desarrollo\FullStack\EGestion360\.artifacts\deploy-conteo-20260724\Front\wwwroot\_framework\System.Text.RegularExpressions.695vhjdgdj.wasm.br
C:\Desarrollo\Desarrollo\FullStack\EGestion360\.artifacts\deploy-conteo-20260724\Front\wwwroot\_framework\System.Text.RegularExpressions.695vhjdgdj.wasm.gz
C:\Desarrollo\Desarrollo\FullStack\EGestion360\.artifacts\deploy-conteo-20260724\Front\wwwroot\_framework\System.Threading.nkzgr5bf96.wasm
C:\Desarrollo\Desarrollo\FullStack\EGestion360\.artifacts\deploy-conteo-20260724\Front\wwwroot\_framework\System.Threading.nkzgr5bf96.wasm.br
C:\Desarrollo\Desarrollo\FullStack\EGestion360\.artifacts\deploy-conteo-20260724\Front\wwwroot\_framework\System.Threading.nkzgr5bf96.wasm.gz
C:\Desarrollo\Desarrollo\FullStack\EGestion360\.artifacts\deploy-conteo-20260724\Front\wwwroot\_framework\System.Xml.Linq.7qmldn65vo.wasm
C:\Desarrollo\Desarrollo\FullStack\EGestion360\.artifacts\deploy-conteo-20260724\Front\wwwroot\_framework\System.Xml.Linq.7qmldn65vo.wasm.br
C:\Desarrollo\Desarrollo\FullStack\EGestion360\.artifacts\deploy-conteo-20260724\Front\wwwroot\_framework\System.Xml.Linq.7qmldn65vo.wasm.gz
C:\Desarrollo\Desarrollo\FullStack\EGestion360\.artifacts\deploy-conteo-20260724\Front\wwwroot\_framework\System.Xml.ReaderWriter.785nrzwcmn.wasm
C:\Desarrollo\Desarrollo\FullStack\EGestion360\.artifacts\deploy-conteo-20260724\Front\wwwroot\_framework\System.Xml.ReaderWriter.785nrzwcmn.wasm.br
C:\Desarrollo\Desarrollo\FullStack\EGestion360\.artifacts\deploy-conteo-20260724\Front\wwwroot\_framework\System.Xml.ReaderWriter.785nrzwcmn.wasm.gz
C:\Desarrollo\Desarrollo\FullStack\EGestion360\.artifacts\deploy-conteo-20260724\Front\wwwroot\_framework\System.Xml.XDocument.lrfaelip6y.wasm
C:\Desarrollo\Desarrollo\FullStack\EGestion360\.artifacts\deploy-conteo-20260724\Front\wwwroot\_framework\System.Xml.XDocument.lrfaelip6y.wasm.br
C:\Desarrollo\Desarrollo\FullStack\EGestion360\.artifacts\deploy-conteo-20260724\Front\wwwroot\_framework\System.Xml.XDocument.lrfaelip6y.wasm.gz
